**********************
PowerShell transcript start
Start time: 20220713140943
Username: ASIA-PACIFIC\BhavaniShankar_Pradh
RunAs User: ASIA-PACIFIC\BhavaniShankar_Pradh
Configuration Name: 
Machine: W10316N2X2 (Microsoft Windows NT 10.0.19042.0)
Host Application: C:\Program Files\PowerShell\7\pwsh.dll -WorkingDirectory ~
Process ID: 19568
PSVersion: 7.2.5
PSEdition: Core
GitCommitId: 7.2.5
OS: Microsoft Windows 10.0.19042
Platform: Win32NT
PSCompatibleVersions: 1.0, 2.0, 3.0, 4.0, 5.0, 5.1.10032.0, 6.0.0, 6.1.0, 6.2.0, 7.0.0, 7.1.0, 7.2.5
PSRemotingProtocolVersion: 2.3
SerializationVersion: 1.1.0.1
WSManStackVersion: 3.0
**********************
Transcript started, output file is C:\Users\bhavanishankar_pradh\OneDrive - Dell Technologies\DELL-Project-Data\Scripts\PowerShell\transcripts\transcript.txt
PS C:\Users\bhavanishankar_pradh> notepad 'C:\Users\bhavanishankar_pradh\OneDrive - Dell Technologies\DELL-Project-Data\Scripts\PowerShell\transcripts\transcript.txt'
PS C:\Users\bhavanishankar_pradh> Get-Service | Where-Object -Property Status -eq Stopped

Status   Name               DisplayName
------   ----               -----------
Stopped  AarSvc_b0704       Agent Activation Runtime_b0704
Stopped  AJRouter           AllJoyn Router Service
Stopped  ALG                Application Layer Gateway Service
Stopped  AppMgmt            Application Management
Stopped  AppReadiness       App Readiness
Stopped  AppVClient         Microsoft App-V Client
Stopped  AssignedAccessMan… AssignedAccessManager Service
Stopped  autotimesvc        Cellular Time
Stopped  AxInstSV           ActiveX Installer (AxInstSV)
Stopped  BcastDVRUserServi… GameDVR and Broadcast User Service_b0…
Stopped  BDESVC             BitLocker Drive Encryption Service
Stopped  BITS               Background Intelligent Transfer Servi…
Stopped  CaptureService_b0… CaptureService_b0704
Stopped  CbDefenseWSC       Carbon Black Cloud WSC
Stopped  ClipSVC            Client License Service (ClipSVC)
Stopped  cloudidsvc         Microsoft Cloud Identity Service
Stopped  COMSysApp          COM+ System Application
Stopped  ConsentUxUserSvc_… ConsentUX_b0704
Stopped  CredentialEnrollm… CredentialEnrollmentManagerUserSvc_b0…
Stopped  CscService         Offline Files
Stopped  defragsvc          Optimize drives
Stopped  DeviceAssociation… DeviceAssociationBroker_b0704
Stopped  DeviceInstall      Device Install Service
Stopped  DevicePickerUserS… DevicePicker_b0704
Stopped  DevicesFlowUserSv… DevicesFlow_b0704
Stopped  DevQueryBroker     DevQuery Background Discovery Broker
Stopped  diagnosticshub.st… Microsoft (R) Diagnostics Hub Standar…
Stopped  diagsvc            Diagnostic Execution Service
Stopped  DialogBlockingSer… DialogBlockingService
Stopped  DmEnrollmentSvc    Device Management Enrollment Service
Stopped  dmwappushservice   Device Management Wireless Applicatio…
Stopped  dot3svc            Wired AutoConfig
Stopped  DsmSvc             Device Setup Manager
Stopped  DsSvc              Data Sharing Service
Stopped  edgeupdate         Microsoft Edge Update Service (edgeup…
Stopped  edgeupdatem        Microsoft Edge Update Service (edgeup…
Stopped  EFS                Encrypting File System (EFS)
Stopped  embeddedmode       Embedded Mode
Stopped  EntAppSvc          Enterprise App Management Service
Stopped  Fax                Fax
Stopped  fdPHost            Function Discovery Provider Host
Stopped  FDResPub           Function Discovery Resource Publicati…
Stopped  fhsvc              File History Service
Stopped  FlexeraDockerMon   Flexera Inventory Docker Monitor
Stopped  FrameServer        Windows Camera Frame Server
Stopped  GoogleChromeEleva… Google Chrome Elevation Service (Goog…
Stopped  gpsvc              Group Policy Client
Stopped  GraphicsPerfSvc    GraphicsPerfSvc
Stopped  gupdate            Google Update Service (gupdate)
Stopped  gupdatem           Google Update Service (gupdatem)
Stopped  HfcDisableService  Intel(R) RST HFC Disable Service
Stopped  HgClientService    Host Guardian Client Service
Stopped  iaStorAfsService   Intel(R) Optane(TM) Memory Service
Stopped  icssvc             Windows Mobile Hotspot Service
Stopped  Intel(R) Capabili… Intel(R) Capability Licensing Service…
Stopped  Intel(R) TPM Prov… Intel(R) TPM Provisioning Service
Stopped  IntelAudioService  Intel(R) Audio Service
Stopped  IpxlatCfgSvc       IP Translation Configuration Service
Stopped  KtmRm              KtmRm for Distributed Transaction Coo…
Stopped  lltdsvc            Link-Layer Topology Discovery Mapper
Stopped  lpasvc             Microsoft Policy Platform Local Autho…
Stopped  lppsvc             Microsoft Policy Platform Processor
Stopped  LxpSvc             Language Experience Service
Stopped  LxssManager        LxssManager
Stopped  LxssManagerUser_b… LxssManagerUser_b0704
Stopped  MapsBroker         Downloaded Maps Manager
Stopped  MessagingService_… MessagingService_b0704
Stopped  mfefire            McAfee Firewall Core Service
Stopped  MicrosoftEdgeElev… Microsoft Edge Elevation Service (Mic…
Stopped  MixedRealityOpenX… Windows Mixed Reality OpenXR Service
Stopped  MSDTC              Distributed Transaction Coordinator
Stopped  MSiSCSI            Microsoft iSCSI Initiator Service
Stopped  msiserver          Windows Installer
Stopped  MsKeyboardFilter   Microsoft Keyboard Filter
Stopped  NaturalAuthentica… Natural Authentication
Stopped  NcaSvc             Network Connectivity Assistant
Stopped  NcdAutoSetup       Network Connected Devices Auto-Setup
Stopped  Netman             Network Connections
Stopped  NetSetupSvc        Network Setup Service
Stopped  NetTcpPortSharing  Net.Tcp Port Sharing Service
Stopped  NgcCtnrSvc         Microsoft Passport Container
Stopped  NgcSvc             Microsoft Passport
Stopped  OfficeSvcManagerA… OfficeSvcManagerAddons
Stopped  p2pimsvc           Peer Networking Identity Manager
Stopped  p2psvc             Peer Networking Grouping
Stopped  PeerDistSvc        BranchCache
Stopped  perceptionsimulat… Windows Perception Simulation Service
Stopped  PerfHost           Performance Counter DLL Host
Stopped  PhoneSvc           Phone Service
Stopped  PimIndexMaintenan… Contact Data_b0704
Stopped  pla                Performance Logs & Alerts
Stopped  PNRPAutoReg        PNRP Machine Name Publication Service
Stopped  PNRPsvc            Peer Name Resolution Protocol
Stopped  PrintNotify        Printer Extensions and Notifications
Stopped  PrintWorkflowUser… PrintWorkflow_b0704
Stopped  PushToInstall      Windows PushToInstall Service
Stopped  RasAuto            Remote Access Auto Connection Manager
Stopped  RemoteAccess       Routing and Remote Access
Stopped  RemoteRegistry     Remote Registry
Stopped  RetailDemo         Retail Demo Service
Stopped  RpcLocator         Remote Procedure Call (RPC) Locator
Stopped  SCardSvr           Smart Card
Stopped  ScDeviceEnum       Smart Card Device Enumeration Service
Stopped  SCPolicySvc        Smart Card Removal Policy
Stopped  SDRSVC             Windows Backup
Stopped  seclogon           Secondary Logon
Stopped  SEMgrSvc           Payments and NFC/SE Manager
Stopped  Sense              Windows Defender Advanced Threat Prot…
Stopped  SensorDataService  Sensor Data Service
Stopped  SensorService      Sensor Service
Stopped  SensrSvc           Sensor Monitoring Service
Stopped  SharedRealitySvc   Spatial Data Service
Stopped  shpamsvc           Shared PC Account Manager
Stopped  smphost            Microsoft Storage Spaces SMP
Stopped  SmsRouter          Microsoft Windows SMS Router Service.
Stopped  smstsmgr           ConfigMgr Task Sequence Agent
Stopped  SNMPTRAP           SNMP Trap
Stopped  spectrum           Windows Perception Service
Stopped  sppsvc             Software Protection
Stopped  ssh-agent          OpenSSH Authentication Agent
Stopped  stisvc             Windows Image Acquisition (WIA)
Stopped  svsvc              Spot Verifier
Stopped  swprv              Microsoft Software Shadow Copy Provid…
Stopped  SysMain            SysMain
Stopped  TieringEngineServ… Storage Tiers Management
Stopped  TroubleshootingSvc Recommended Troubleshooting Service
Stopped  TrustedInstaller   Windows Modules Installer
Stopped  tzautoupdate       Auto Time Zone Updater
Stopped  UdkUserSvc_b0704   Udk User Service_b0704
Stopped  UevAgentService    User Experience Virtualization Service
Stopped  UnistoreSvc_b0704  User Data Storage_b0704
Stopped  upnphost           UPnP Device Host
Stopped  UserDataSvc_b0704  User Data Access_b0704
Stopped  VacSvc             Volumetric Audio Compositor Service
Stopped  vds                Virtual Disk
Stopped  vmicguestinterface Hyper-V Guest Service Interface
Stopped  vmicheartbeat      Hyper-V Heartbeat Service
Stopped  vmickvpexchange    Hyper-V Data Exchange Service
Stopped  vmicrdv            Hyper-V Remote Desktop Virtualization…
Stopped  vmicshutdown       Hyper-V Guest Shutdown Service
Stopped  vmictimesync       Hyper-V Time Synchronization Service
Stopped  vmicvmsession      Hyper-V PowerShell Direct Service
Stopped  vmicvss            Hyper-V Volume Shadow Copy Requestor
Stopped  VSS                Volume Shadow Copy
Stopped  WaaSMedicSvc       Windows Update Medic Service
Stopped  WalletService      WalletService
Stopped  WarpJITSvc         WarpJITSvc
Stopped  wbengine           Block Level Backup Engine Service
Stopped  wcncsvc            Windows Connect Now - Config Registrar
Stopped  WdiSystemHost      Diagnostic System Host
Stopped  WdNisSvc           Microsoft Defender Antivirus Network …
Stopped  Wecsvc             Windows Event Collector
Stopped  WEPHOSTSVC         Windows Encryption Provider Host Serv…
Stopped  wercplsupport      Problem Reports Control Panel Support
Stopped  WerSvc             Windows Error Reporting Service
Stopped  WFDSConMgrSvc      Wi-Fi Direct Services Connection Mana…
Stopped  WiaRpc             Still Image Acquisition Events
Stopped  WinDefend          Microsoft Defender Antivirus Service
Stopped  WinRM              Windows Remote Management (WS-Managem…
Stopped  wisvc              Windows Insider Service
Stopped  wlidsvc            Microsoft Account Sign-in Assistant
Stopped  wlpasvc            Local Profile Assistant Service
Stopped  WManSvc            Windows Management Service
Stopped  wmiApSrv           WMI Performance Adapter
Stopped  WMPNetworkSvc      Windows Media Player Network Sharing …
Stopped  workfolderssvc     Work Folders
Stopped  WpcMonSvc          Parental Controls
Stopped  WPDBusEnum         Portable Device Enumerator Service
Stopped  wuauserv           Windows Update
Stopped  WwanSvc            WWAN AutoConfig
Stopped  XblAuthManager     Xbox Live Auth Manager
Stopped  XblGameSave        Xbox Live Game Save
Stopped  XboxGipSvc         Xbox Accessory Management Service
Stopped  XboxNetApiSvc      Xbox Live Networking Service

PS C:\Users\bhavanishankar_pradh> Get-Command -Name *Ip* -Module NetTCPIP

CommandType     Name                                               Version    Source
-----------     ----                                               -------    ------
Alias           gip -> Get-NetIPConfiguration                      1.0.0.0    NetTCPIP
Function        Get-NetIPAddress                                   1.0.0.0    NetTCPIP
Function        Get-NetIPConfiguration                             1.0.0.0    NetTCPIP
Function        Get-NetIPInterface                                 1.0.0.0    NetTCPIP
Function        Get-NetIPv4Protocol                                1.0.0.0    NetTCPIP
Function        Get-NetIPv6Protocol                                1.0.0.0    NetTCPIP
Function        New-NetIPAddress                                   1.0.0.0    NetTCPIP
Function        Remove-NetIPAddress                                1.0.0.0    NetTCPIP
Function        Set-NetIPAddress                                   1.0.0.0    NetTCPIP
Function        Set-NetIPInterface                                 1.0.0.0    NetTCPIP
Function        Set-NetIPv4Protocol                                1.0.0.0    NetTCPIP
Function        Set-NetIPv6Protocol                                1.0.0.0    NetTCPIP

PS C:\Users\bhavanishankar_pradh> Get-Service | Get-Member

   TypeName: System.Service.ServiceController#StartupType

Name                      MemberType    Definition
----                      ----------    ----------
Name                      AliasProperty Name = ServiceName
RequiredServices          AliasProperty RequiredServices = ServicesDependedOn
Disposed                  Event         System.EventHandler Disposed(System.Object, System.EventArgs)
Close                     Method        void Close()
Continue                  Method        void Continue()
Dispose                   Method        void Dispose(), void IDisposable.Dispose()
Equals                    Method        bool Equals(System.Object obj)
ExecuteCommand            Method        void ExecuteCommand(int command)
GetHashCode               Method        int GetHashCode()
GetLifetimeService        Method        System.Object GetLifetimeService()
GetType                   Method        type GetType()
InitializeLifetimeService Method        System.Object InitializeLifetimeService()
Pause                     Method        void Pause()
Refresh                   Method        void Refresh()
Start                     Method        void Start(), void Start(string[] args)
Stop                      Method        void Stop(), void Stop(bool stopDependentServices)
WaitForStatus             Method        void WaitForStatus(System.ServiceProcess.ServiceControllerStatus desiredStatus), void WaitForStatus(System.ServiceProcess.ServiceC…
BinaryPathName            Property      System.String {get;set;}
CanPauseAndContinue       Property      bool CanPauseAndContinue {get;}
CanShutdown               Property      bool CanShutdown {get;}
CanStop                   Property      bool CanStop {get;}
Container                 Property      System.ComponentModel.IContainer Container {get;}
DelayedAutoStart          Property      System.Boolean {get;set;}
DependentServices         Property      System.ServiceProcess.ServiceController[] DependentServices {get;}
Description               Property      System.String {get;set;}
DisplayName               Property      string DisplayName {get;set;}
MachineName               Property      string MachineName {get;set;}
ServiceHandle             Property      System.Runtime.InteropServices.SafeHandle ServiceHandle {get;}
ServiceName               Property      string ServiceName {get;set;}
ServicesDependedOn        Property      System.ServiceProcess.ServiceController[] ServicesDependedOn {get;}
ServiceType               Property      System.ServiceProcess.ServiceType ServiceType {get;}
Site                      Property      System.ComponentModel.ISite Site {get;set;}
StartType                 Property      System.ServiceProcess.ServiceStartMode StartType {get;}
StartupType               Property      Microsoft.PowerShell.Commands.ServiceStartupType {get;set;}
Status                    Property      System.ServiceProcess.ServiceControllerStatus Status {get;}
UserName                  Property      System.String {get;set;}
ToString                  ScriptMethod  System.Object ToString();

PS C:\Users\bhavanishankar_pradh> Get-Service | more
>> TerminatingError(): "The pipeline has been stopped."
>> TerminatingError(): "The pipeline has been stopped."
PS C:\Users\bhavanishankar_pradh> $PSVersionTable

Name                           Value
----                           -----
PSVersion                      7.2.5
PSEdition                      Core
GitCommitId                    7.2.5
OS                             Microsoft Windows 10.0.19042
Platform                       Win32NT
PSCompatibleVersions           {1.0, 2.0, 3.0, 4.0…}
PSRemotingProtocolVersion      2.3
SerializationVersion           1.1.0.1
WSManStackVersion              3.0

PS C:\Users\bhavanishankar_pradh> Get-NetFirewalrule -Name *RemoteDesktop* | Format-Table

Get-NetFirewalrule: The term 'Get-NetFirewalrule' is not recognized as a name of a cmdlet, function, script file, or executable program.
Check the spelling of the name, or if a path was included, verify that the path is correct and try again.

Get-NetFirewalrule: The term 'Get-NetFirewalrule' is not recognized as a name of a cmdlet, function, script file, or executable program.
Check the spelling of the name, or if a path was included, verify that the path is correct and try again.
PS C:\Users\bhavanishankar_pradh> Get-NetFirewallrule -Name *RemoteDesktop* | Format-Table

Name                              DisplayName                         DisplayGroup               Enabled Profile Direction Action RemoteDynamicKeywordAddresses
----                              -----------                         ------------               ------- ------- --------- ------ -----------------------------
RemoteDesktop-UserMode-In-TCP     Remote Desktop - User Mode (TCP-In) Remote Desktop             False   Any     Inbound   Allow
RemoteDesktop-UserMode-In-UDP     Remote Desktop - User Mode (UDP-In) Remote Desktop             False   Any     Inbound   Allow
RemoteDesktop-Shadow-In-TCP       Remote Desktop - Shadow (TCP-In)    Remote Desktop             False   Any     Inbound   Allow
RemoteDesktop-In-TCP-WS           Remote Desktop - (TCP-WS-In)        Remote Desktop (WebSocket) False   Any     Inbound   Allow
RemoteDesktop-In-TCP-WSS          Remote Desktop - (TCP-WSS-In)       Remote Desktop (WebSocket) False   Any     Inbound   Allow
VIRT-REMOTEDESKTOP-In-TCP-NoScope Hyper-V (REMOTE_DESKTOP_TCP_IN)     Hyper-V                    True    Any     Inbound   Allow

PS C:\Users\bhavanishankar_pradh> Get-Counter -Counter "\Memory\Pages /sec","\Memory\% Committed Bytes In Use" | FT

Get-Counter: The specified counter could not be found.

Get-Counter: The specified counter could not be found.

Timestamp                 CounterSamples
---------                 --------------
7/14/2022 12:09:22 AM     \\w10316n2x2\memory\% committed bytes in use :
                          36.81221055724011



PS C:\Users\bhavanishankar_pradh> Get-Counter -Counter "\Memory\Pages/sec","\Memory\% Committed Bytes In Use" | FT

Timestamp                 CounterSamples
---------                 --------------
7/14/2022 12:10:22 AM     \\w10316n2x2\memory\pages/sec :
                          0

                          \\w10316n2x2\memory\% committed bytes in use :
                          37.15472822942648



PS C:\Users\bhavanishankar_pradh> Get-WmiObject -class Win32_PhysicalMemory

Get-WmiObject: The term 'Get-WmiObject' is not recognized as a name of a cmdlet, function, script file, or executable program.
Check the spelling of the name, or if a path was included, verify that the path is correct and try again.

Get-WmiObject: The term 'Get-WmiObject' is not recognized as a name of a cmdlet, function, script file, or executable program.
Check the spelling of the name, or if a path was included, verify that the path is correct and try again.
PS C:\Users\bhavanishankar_pradh> Get-WmiObject -classname Win32_PhysicalMemory

Get-WmiObject: The term 'Get-WmiObject' is not recognized as a name of a cmdlet, function, script file, or executable program.
Check the spelling of the name, or if a path was included, verify that the path is correct and try again.

Get-WmiObject: The term 'Get-WmiObject' is not recognized as a name of a cmdlet, function, script file, or executable program.
Check the spelling of the name, or if a path was included, verify that the path is correct and try again.
PS C:\Users\bhavanishankar_pradh> Get-WmiObject

Get-WmiObject: The term 'Get-WmiObject' is not recognized as a name of a cmdlet, function, script file, or executable program.
Check the spelling of the name, or if a path was included, verify that the path is correct and try again.

Get-WmiObject: The term 'Get-WmiObject' is not recognized as a name of a cmdlet, function, script file, or executable program.
Check the spelling of the name, or if a path was included, verify that the path is correct and try again.
PS C:\Users\bhavanishankar_pradh> Get-CimClass

   NameSpace: ROOT/cimv2

CimClassName                        CimClassMethods      CimClassProperties
------------                        ---------------      ------------------
CIM_Indication                      {}                   {CorrelatedIndications, IndicationFilterName, IndicationIdentifier, IndicationTime…}
CIM_ClassIndication                 {}                   {CorrelatedIndications, IndicationFilterName, IndicationIdentifier, IndicationTime…}
CIM_ClassDeletion                   {}                   {CorrelatedIndications, IndicationFilterName, IndicationIdentifier, IndicationTime…}
CIM_ClassCreation                   {}                   {CorrelatedIndications, IndicationFilterName, IndicationIdentifier, IndicationTime…}
CIM_ClassModification               {}                   {CorrelatedIndications, IndicationFilterName, IndicationIdentifier, IndicationTime…}
CIM_InstIndication                  {}                   {CorrelatedIndications, IndicationFilterName, IndicationIdentifier, IndicationTime…}
CIM_InstCreation                    {}                   {CorrelatedIndications, IndicationFilterName, IndicationIdentifier, IndicationTime…}
CIM_InstModification                {}                   {CorrelatedIndications, IndicationFilterName, IndicationIdentifier, IndicationTime…}
CIM_InstDeletion                    {}                   {CorrelatedIndications, IndicationFilterName, IndicationIdentifier, IndicationTime…}
__NotifyStatus                      {}                   {StatusCode}
__ExtendedStatus                    {}                   {StatusCode, Description, Operation, ParameterInfo…}
Win32_PrivilegesStatus              {}                   {StatusCode, Description, Operation, ParameterInfo…}
Win32_JobObjectStatus               {}                   {StatusCode, Description, Operation, ParameterInfo…}
CIM_Error                           {}                   {CIMStatusCode, CIMStatusCodeDescription, ErrorSource, ErrorSourceFormat…}
MSFT_WmiError                       {}                   {CIMStatusCode, CIMStatusCodeDescription, ErrorSource, ErrorSourceFormat…}
MSFT_ExtendedStatus                 {}                   {CIMStatusCode, CIMStatusCodeDescription, ErrorSource, ErrorSourceFormat…}
__SecurityRelatedClass              {}                   {}
__Trustee                           {}                   {Domain, Name, SID, SidLength…}
Win32_Trustee                       {}                   {Domain, Name, SID, SidLength…}
__NTLMUser9X                        {}                   {Authority, Flags, Mask, Name…}
__ACE                               {}                   {AccessMask, AceFlags, AceType, GuidInheritedObjectType…}
Win32_ACE                           {}                   {AccessMask, AceFlags, AceType, GuidInheritedObjectType…}
__SecurityDescriptor                {}                   {ControlFlags, DACL, Group, Owner…}
Win32_SecurityDescriptor            {}                   {ControlFlags, DACL, Group, Owner…}
__PARAMETERS                        {}                   {}
__SystemClass                       {}                   {}
__ProviderRegistration              {}                   {provider}
__EventProviderRegistration         {}                   {provider, EventQueryList}
__ObjectProviderRegistration        {}                   {provider, InteractionType, QuerySupportLevels, SupportsBatching…}
__ClassProviderRegistration         {}                   {provider, InteractionType, QuerySupportLevels, SupportsBatching…}
__InstanceProviderRegistration      {}                   {provider, InteractionType, QuerySupportLevels, SupportsBatching…}
__MethodProviderRegistration        {}                   {provider}
__PropertyProviderRegistration      {}                   {provider, SupportsGet, SupportsPut}
__EventConsumerProviderRegistration {}                   {provider, ConsumerClassNames}
__thisNAMESPACE                     {}                   {SECURITY_DESCRIPTOR}
__NAMESPACE                         {}                   {Name}
__IndicationRelated                 {}                   {}
__FilterToConsumerBinding           {}                   {Consumer, CreatorSID, DeliverSynchronously, DeliveryQoS…}
__EventConsumer                     {}                   {CreatorSID, MachineName, MaximumQueueSize}
__AggregateEvent                    {}                   {NumberOfEvents, Representative}
__TimerNextFiring                   {}                   {NextEvent64BitTime, TimerId}
__EventFilter                       {}                   {CreatorSID, EventAccess, EventNamespace, Name…}
__Event                             {}                   {SECURITY_DESCRIPTOR, TIME_CREATED}
__NamespaceOperationEvent           {}                   {SECURITY_DESCRIPTOR, TIME_CREATED, TargetNamespace}
__NamespaceModificationEvent        {}                   {SECURITY_DESCRIPTOR, TIME_CREATED, TargetNamespace, PreviousNamespace}
__NamespaceDeletionEvent            {}                   {SECURITY_DESCRIPTOR, TIME_CREATED, TargetNamespace}
__NamespaceCreationEvent            {}                   {SECURITY_DESCRIPTOR, TIME_CREATED, TargetNamespace}
__ClassOperationEvent               {}                   {SECURITY_DESCRIPTOR, TIME_CREATED, TargetClass}
__ClassDeletionEvent                {}                   {SECURITY_DESCRIPTOR, TIME_CREATED, TargetClass}
__ClassModificationEvent            {}                   {SECURITY_DESCRIPTOR, TIME_CREATED, TargetClass, PreviousClass}
__ClassCreationEvent                {}                   {SECURITY_DESCRIPTOR, TIME_CREATED, TargetClass}
__InstanceOperationEvent            {}                   {SECURITY_DESCRIPTOR, TIME_CREATED, TargetInstance}
__InstanceCreationEvent             {}                   {SECURITY_DESCRIPTOR, TIME_CREATED, TargetInstance}
__MethodInvocationEvent             {}                   {SECURITY_DESCRIPTOR, TIME_CREATED, TargetInstance, Method…}
__InstanceModificationEvent         {}                   {SECURITY_DESCRIPTOR, TIME_CREATED, TargetInstance, PreviousInstance}
__InstanceDeletionEvent             {}                   {SECURITY_DESCRIPTOR, TIME_CREATED, TargetInstance}
__TimerEvent                        {}                   {SECURITY_DESCRIPTOR, TIME_CREATED, NumFirings, TimerId}
__ExtrinsicEvent                    {}                   {SECURITY_DESCRIPTOR, TIME_CREATED}
__SystemEvent                       {}                   {SECURITY_DESCRIPTOR, TIME_CREATED}
__EventDroppedEvent                 {}                   {SECURITY_DESCRIPTOR, TIME_CREATED, Event, IntendedConsumer}
__EventQueueOverflowEvent           {}                   {SECURITY_DESCRIPTOR, TIME_CREATED, Event, IntendedConsumer…}
__QOSFailureEvent                   {}                   {SECURITY_DESCRIPTOR, TIME_CREATED, Event, IntendedConsumer…}
__ConsumerFailureEvent              {}                   {SECURITY_DESCRIPTOR, TIME_CREATED, Event, IntendedConsumer…}
MSFT_SCMEvent                       {}                   {SECURITY_DESCRIPTOR, TIME_CREATED}
MSFT_SCMEventLogEvent               {}                   {SECURITY_DESCRIPTOR, TIME_CREATED}
MSFT_NetSevereServiceFailed         {}                   {SECURITY_DESCRIPTOR, TIME_CREATED, Service}
MSFT_NetTransactInvalid             {}                   {SECURITY_DESCRIPTOR, TIME_CREATED}
MSFT_NetServiceNotInteractive       {}                   {SECURITY_DESCRIPTOR, TIME_CREATED, Service}
MSFT_NetTakeOwnership               {}                   {SECURITY_DESCRIPTOR, TIME_CREATED, RegistryKey}
MSFT_NetServiceConfigBackoutFailed  {}                   {SECURITY_DESCRIPTOR, TIME_CREATED, ConfigField, Service}
MSFT_NetServiceShutdownFailed       {}                   {SECURITY_DESCRIPTOR, TIME_CREATED, Service}
MSFT_NetServiceStartHung            {}                   {SECURITY_DESCRIPTOR, TIME_CREATED, Service}
MSFT_NetServiceStopControlSuccess   {}                   {SECURITY_DESCRIPTOR, TIME_CREATED, Comment, Control…}
MSFT_NetServiceSlowStartup          {}                   {SECURITY_DESCRIPTOR, TIME_CREATED, Service, StartupTime}
MSFT_NetCallToFunctionFailed        {}                   {SECURITY_DESCRIPTOR, TIME_CREATED, Error, FunctionName}
MSFT_NetBadAccount                  {}                   {SECURITY_DESCRIPTOR, TIME_CREATED}
MSFT_NetBadServiceState             {}                   {SECURITY_DESCRIPTOR, TIME_CREATED, Service, State}
MSFT_NetConnectionTimeout           {}                   {SECURITY_DESCRIPTOR, TIME_CREATED, Milliseconds, Service}
MSFT_NetCircularDependencyAuto      {}                   {SECURITY_DESCRIPTOR, TIME_CREATED}
MSFT_NetServiceStartTypeChanged     {}                   {SECURITY_DESCRIPTOR, TIME_CREATED, NewStartType, OldStartType…}
MSFT_NetServiceLogonTypeNotGranted  {}                   {SECURITY_DESCRIPTOR, TIME_CREATED, Account, Error…}
MSFT_NetServiceStartFailedGroup     {}                   {SECURITY_DESCRIPTOR, TIME_CREATED, Group, Service}
MSFT_NetDependOnLaterService        {}                   {SECURITY_DESCRIPTOR, TIME_CREATED, Service}
MSFT_NetFirstLogonFailedII          {}                   {SECURITY_DESCRIPTOR, TIME_CREATED, Account, Error…}
MSFT_NetServiceDifferentPIDConnect… {}                   {SECURITY_DESCRIPTOR, TIME_CREATED, ActualPID, ExpectedPID…}
MSFT_NetServiceCrashNoAction        {}                   {SECURITY_DESCRIPTOR, TIME_CREATED, Service, TimesFailed}
MSFT_NetCircularDependencyDemand    {}                   {SECURITY_DESCRIPTOR, TIME_CREATED, Service}
MSFT_NetServiceExitFailed           {}                   {SECURITY_DESCRIPTOR, TIME_CREATED, Error, Service}
MSFT_NetServiceStartFailedII        {}                   {SECURITY_DESCRIPTOR, TIME_CREATED, DependedOnService, Error…}
MSFT_NetServiceExitFailedSpecific   {}                   {SECURITY_DESCRIPTOR, TIME_CREATED, Error, Service}
MSFT_NetBootSystemDriversFailed     {}                   {SECURITY_DESCRIPTOR, TIME_CREATED, DriverList}
MSFT_NetServiceCrash                {}                   {SECURITY_DESCRIPTOR, TIME_CREATED, Action, ActionDelay…}
MSFT_NetServiceRecoveryFailed       {}                   {SECURITY_DESCRIPTOR, TIME_CREATED, Action, ActionType…}
MSFT_NetServiceStatusSuccess        {}                   {SECURITY_DESCRIPTOR, TIME_CREATED, Control, Service}
MSFT_NetTransactTimeout             {}                   {SECURITY_DESCRIPTOR, TIME_CREATED, Milliseconds, Service}
MSFT_NetFirstLogonFailed            {}                   {SECURITY_DESCRIPTOR, TIME_CREATED, Error}
MSFT_NetServiceControlSuccess       {}                   {SECURITY_DESCRIPTOR, TIME_CREATED, Control, Service…}
MSFT_NetServiceStartFailed          {}                   {SECURITY_DESCRIPTOR, TIME_CREATED, Error, Service}
MSFT_NetServiceStartFailedNone      {}                   {SECURITY_DESCRIPTOR, TIME_CREATED, NonExistingService, Service}
MSFT_NetReadfileTimeout             {}                   {SECURITY_DESCRIPTOR, TIME_CREATED, Milliseconds}
MSFT_NetRevertedToLastKnownGood     {}                   {SECURITY_DESCRIPTOR, TIME_CREATED}
MSFT_NetCallToFunctionFailedII      {}                   {SECURITY_DESCRIPTOR, TIME_CREATED, Argument, Error…}
MSFT_NetDependOnLaterGroup          {}                   {SECURITY_DESCRIPTOR, TIME_CREATED, Service}
MSFT_WmiSelfEvent                   {}                   {SECURITY_DESCRIPTOR, TIME_CREATED}
MSFT_WmiEssEvent                    {}                   {SECURITY_DESCRIPTOR, TIME_CREATED}
MSFT_WmiThreadPoolEvent             {}                   {SECURITY_DESCRIPTOR, TIME_CREATED, ThreadId}
MSFT_WmiThreadPoolThreadCreated     {}                   {SECURITY_DESCRIPTOR, TIME_CREATED, ThreadId}
MSFT_WmiThreadPoolThreadDeleted     {}                   {SECURITY_DESCRIPTOR, TIME_CREATED, ThreadId}
MSFT_WmiRegisterNotificationSink    {}                   {SECURITY_DESCRIPTOR, TIME_CREATED, Namespace, Query…}
MSFT_WmiFilterEvent                 {}                   {SECURITY_DESCRIPTOR, TIME_CREATED, Name, Namespace…}
MSFT_WmiFilterDeactivated           {}                   {SECURITY_DESCRIPTOR, TIME_CREATED, Name, Namespace…}
MSFT_WmiFilterActivated             {}                   {SECURITY_DESCRIPTOR, TIME_CREATED, Name, Namespace…}
MSFT_WmiCancelNotificationSink      {}                   {SECURITY_DESCRIPTOR, TIME_CREATED, Namespace, Query…}
MSFT_WmiProviderEvent               {}                   {SECURITY_DESCRIPTOR, TIME_CREATED, Namespace, ProviderName}
MSFT_WmiConsumerProviderEvent       {}                   {SECURITY_DESCRIPTOR, TIME_CREATED, Namespace, ProviderName…}
MSFT_WmiConsumerProviderSinkLoaded  {}                   {SECURITY_DESCRIPTOR, TIME_CREATED, Namespace, ProviderName…}
MSFT_WmiConsumerProviderSinkUnload… {}                   {SECURITY_DESCRIPTOR, TIME_CREATED, Namespace, ProviderName…}
MSFT_WmiConsumerProviderUnloaded    {}                   {SECURITY_DESCRIPTOR, TIME_CREATED, Namespace, ProviderName…}
MSFT_WmiConsumerProviderLoaded      {}                   {SECURITY_DESCRIPTOR, TIME_CREATED, Namespace, ProviderName…}
Msft_WmiProvider_OperationEvent     {}                   {SECURITY_DESCRIPTOR, TIME_CREATED, HostingGroup, HostingSpecification…}
Msft_WmiProvider_ComServerLoadOper… {}                   {SECURITY_DESCRIPTOR, TIME_CREATED, HostingGroup, HostingSpecification…}
Msft_WmiProvider_OperationEvent_Po… {}                   {SECURITY_DESCRIPTOR, TIME_CREATED, HostingGroup, HostingSpecification…}
Msft_WmiProvider_PutInstanceAsyncE… {}                   {SECURITY_DESCRIPTOR, TIME_CREATED, HostingGroup, HostingSpecification…}
Msft_WmiProvider_CreateInstanceEnu… {}                   {SECURITY_DESCRIPTOR, TIME_CREATED, HostingGroup, HostingSpecification…}
Msft_WmiProvider_DeleteInstanceAsy… {}                   {SECURITY_DESCRIPTOR, TIME_CREATED, HostingGroup, HostingSpecification…}
Msft_WmiProvider_CancelQuery_Post   {}                   {SECURITY_DESCRIPTOR, TIME_CREATED, HostingGroup, HostingSpecification…}
Msft_WmiProvider_NewQuery_Post      {}                   {SECURITY_DESCRIPTOR, TIME_CREATED, HostingGroup, HostingSpecification…}
Msft_WmiProvider_ProvideEvents_Post {}                   {SECURITY_DESCRIPTOR, TIME_CREATED, HostingGroup, HostingSpecification…}
Msft_WmiProvider_ExecQueryAsyncEve… {}                   {SECURITY_DESCRIPTOR, TIME_CREATED, HostingGroup, HostingSpecification…}
Msft_WmiProvider_AccessCheck_Post   {}                   {SECURITY_DESCRIPTOR, TIME_CREATED, HostingGroup, HostingSpecification…}
Msft_WmiProvider_CreateClassEnumAs… {}                   {SECURITY_DESCRIPTOR, TIME_CREATED, HostingGroup, HostingSpecification…}
Msft_WmiProvider_DeleteClassAsyncE… {}                   {SECURITY_DESCRIPTOR, TIME_CREATED, HostingGroup, HostingSpecification…}
Msft_WmiProvider_ExecMethodAsyncEv… {}                   {SECURITY_DESCRIPTOR, TIME_CREATED, HostingGroup, HostingSpecification…}
Msft_WmiProvider_GetObjectAsyncEve… {}                   {SECURITY_DESCRIPTOR, TIME_CREATED, HostingGroup, HostingSpecification…}
Msft_WmiProvider_PutClassAsyncEven… {}                   {SECURITY_DESCRIPTOR, TIME_CREATED, HostingGroup, HostingSpecification…}
Msft_WmiProvider_InitializationOpe… {}                   {SECURITY_DESCRIPTOR, TIME_CREATED, HostingGroup, HostingSpecification…}
Msft_WmiProvider_InitializationOpe… {}                   {SECURITY_DESCRIPTOR, TIME_CREATED, HostingGroup, HostingSpecification…}
Msft_WmiProvider_LoadOperationFail… {}                   {SECURITY_DESCRIPTOR, TIME_CREATED, HostingGroup, HostingSpecification…}
Msft_WmiProvider_ComServerLoadOper… {}                   {SECURITY_DESCRIPTOR, TIME_CREATED, HostingGroup, HostingSpecification…}
Msft_WmiProvider_UnLoadOperationEv… {}                   {SECURITY_DESCRIPTOR, TIME_CREATED, HostingGroup, HostingSpecification…}
Msft_WmiProvider_LoadOperationEvent {}                   {SECURITY_DESCRIPTOR, TIME_CREATED, HostingGroup, HostingSpecification…}
Msft_WmiProvider_OperationEvent_Pre {}                   {SECURITY_DESCRIPTOR, TIME_CREATED, HostingGroup, HostingSpecification…}
Msft_WmiProvider_DeleteInstanceAsy… {}                   {SECURITY_DESCRIPTOR, TIME_CREATED, HostingGroup, HostingSpecification…}
Msft_WmiProvider_AccessCheck_Pre    {}                   {SECURITY_DESCRIPTOR, TIME_CREATED, HostingGroup, HostingSpecification…}
Msft_WmiProvider_ExecQueryAsyncEve… {}                   {SECURITY_DESCRIPTOR, TIME_CREATED, HostingGroup, HostingSpecification…}
Msft_WmiProvider_DeleteClassAsyncE… {}                   {SECURITY_DESCRIPTOR, TIME_CREATED, HostingGroup, HostingSpecification…}
Msft_WmiProvider_NewQuery_Pre       {}                   {SECURITY_DESCRIPTOR, TIME_CREATED, HostingGroup, HostingSpecification…}
Msft_WmiProvider_PutInstanceAsyncE… {}                   {SECURITY_DESCRIPTOR, TIME_CREATED, HostingGroup, HostingSpecification…}
Msft_WmiProvider_CreateClassEnumAs… {}                   {SECURITY_DESCRIPTOR, TIME_CREATED, HostingGroup, HostingSpecification…}
Msft_WmiProvider_ExecMethodAsyncEv… {}                   {SECURITY_DESCRIPTOR, TIME_CREATED, HostingGroup, HostingSpecification…}
Msft_WmiProvider_ProvideEvents_Pre  {}                   {SECURITY_DESCRIPTOR, TIME_CREATED, HostingGroup, HostingSpecification…}
Msft_WmiProvider_CancelQuery_Pre    {}                   {SECURITY_DESCRIPTOR, TIME_CREATED, HostingGroup, HostingSpecification…}
Msft_WmiProvider_PutClassAsyncEven… {}                   {SECURITY_DESCRIPTOR, TIME_CREATED, HostingGroup, HostingSpecification…}
Msft_WmiProvider_GetObjectAsyncEve… {}                   {SECURITY_DESCRIPTOR, TIME_CREATED, HostingGroup, HostingSpecification…}
Msft_WmiProvider_CreateInstanceEnu… {}                   {SECURITY_DESCRIPTOR, TIME_CREATED, HostingGroup, HostingSpecification…}
MSFT_WMI_GenericNonCOMEvent         {}                   {SECURITY_DESCRIPTOR, TIME_CREATED, ProcessId, PropertyNames…}
Win32_ComputerSystemEvent           {}                   {SECURITY_DESCRIPTOR, TIME_CREATED, MachineName}
Win32_ComputerShutdownEvent         {}                   {SECURITY_DESCRIPTOR, TIME_CREATED, MachineName, Type}
Win32_IP4RouteTableEvent            {}                   {SECURITY_DESCRIPTOR, TIME_CREATED}
MSFT_NCProvEvent                    {}                   {SECURITY_DESCRIPTOR, TIME_CREATED, Namespace, ProviderName…}
MSFT_NCProvCancelQuery              {}                   {SECURITY_DESCRIPTOR, TIME_CREATED, Namespace, ProviderName…}
MSFT_NCProvClientConnected          {}                   {SECURITY_DESCRIPTOR, TIME_CREATED, Namespace, ProviderName…}
MSFT_NCProvNewQuery                 {}                   {SECURITY_DESCRIPTOR, TIME_CREATED, Namespace, ProviderName…}
MSFT_NCProvAccessCheck              {}                   {SECURITY_DESCRIPTOR, TIME_CREATED, Namespace, ProviderName…}
RegistryEvent                       {}                   {SECURITY_DESCRIPTOR, TIME_CREATED}
RegistryKeyChangeEvent              {}                   {SECURITY_DESCRIPTOR, TIME_CREATED, Hive, KeyPath}
RegistryTreeChangeEvent             {}                   {SECURITY_DESCRIPTOR, TIME_CREATED, Hive, RootPath}
RegistryValueChangeEvent            {}                   {SECURITY_DESCRIPTOR, TIME_CREATED, Hive, KeyPath…}
Win32_SystemTrace                   {}                   {SECURITY_DESCRIPTOR, TIME_CREATED}
Win32_ProcessTrace                  {}                   {SECURITY_DESCRIPTOR, TIME_CREATED, ParentProcessID, ProcessID…}
Win32_ProcessStartTrace             {}                   {SECURITY_DESCRIPTOR, TIME_CREATED, ParentProcessID, ProcessID…}
Win32_ProcessStopTrace              {}                   {SECURITY_DESCRIPTOR, TIME_CREATED, ParentProcessID, ProcessID…}
Win32_ModuleTrace                   {}                   {SECURITY_DESCRIPTOR, TIME_CREATED}
Win32_ModuleLoadTrace               {}                   {SECURITY_DESCRIPTOR, TIME_CREATED, DefaultBase, FileName…}
Win32_ThreadTrace                   {}                   {SECURITY_DESCRIPTOR, TIME_CREATED, ProcessID, ThreadID}
Win32_ThreadStartTrace              {}                   {SECURITY_DESCRIPTOR, TIME_CREATED, ProcessID, ThreadID…}
Win32_ThreadStopTrace               {}                   {SECURITY_DESCRIPTOR, TIME_CREATED, ProcessID, ThreadID}
Win32_PowerManagementEvent          {}                   {SECURITY_DESCRIPTOR, TIME_CREATED, EventType, OEMEventCode}
Win32_DeviceChangeEvent             {}                   {SECURITY_DESCRIPTOR, TIME_CREATED, EventType}
Win32_SystemConfigurationChangeEve… {}                   {SECURITY_DESCRIPTOR, TIME_CREATED, EventType}
Win32_VolumeChangeEvent             {}                   {SECURITY_DESCRIPTOR, TIME_CREATED, EventType, DriveName}
__EventGenerator                    {}                   {}
__TimerInstruction                  {}                   {SkipIfPassed, TimerId}
__AbsoluteTimerInstruction          {}                   {SkipIfPassed, TimerId, EventDateTime}
__IntervalTimerInstruction          {}                   {SkipIfPassed, TimerId, IntervalBetweenEvents}
__Provider                          {}                   {Name}
__Win32Provider                     {}                   {Name, ClientLoadableCLSID, CLSID, Concurrency…}
__SystemSecurity                    {GetSD, GetSecurity… {}
DellMonitoring                      {}                   {KeyName}
Win32_BitLockerEncryptionDetails    {}                   {BitlockerPersistentVolumeId, Compliant, ConversionStatus, DeviceId…}
Win32_CollectionStatistics          {}                   {Collection, Stats}
Win32_NamedJobObjectStatistics      {}                   {Collection, Stats}
SMS_RegLookupEntry                  {}                   {LookupEntryKey, Match, PropertyName, RegKey…}
Win32_NTLogEvent                    {}                   {Category, CategoryString, ComputerName, Data…}
CIM_Configuration                   {}                   {Caption, Description, Name}
FNMP_SQLServer2008                  {}                   {IsReadOnly, PropertyIndex, PropertyName, PropertyNumValue…}
CIM_LogicalIdentity                 {}                   {SameElement, SystemElement}
Win32_ActiveRoute                   {}                   {SameElement, SystemElement}
Win32_OfflineFilesUserConfiguration {}                   {AssignedOfflineFiles, IsConfiguredByWMI, MakeAvailableOfflineButtonRemoved, WorkOfflineButtonRemoved}
Win32_AccountSID                    {}                   {Element, Setting}
CIM_Location                        {}                   {Address, Name, PhysicalPosition}
CIM_DependencyContext               {}                   {Context, Dependency}
OSDImageProperties2_64              {}                   {DCUPurge, DCUPurge2, KeyName, OSD_Project…}
Win32Reg_AddRemovePrograms64        {}                   {DisplayName, InstallDate, ProdID, Publisher…}
PowerShellEngine                    {}                   {ApplicationBase, ConsoleHostAssemblyName, ConsoleHostModuleName, KeyName…}
Win32_WinSAT                        {}                   {CPUScore, D3DScore, DiskScore, GraphicsScore…}
Win32_SecurityDescriptorHelper      {Win32SDToSDDL, Win… {}
CIM_Setting                         {}                   {Caption, Description, SettingID}
Win32_TimeZone                      {}                   {Caption, Description, SettingID, Bias…}
Win32_PageFileSetting               {}                   {Caption, Description, SettingID, InitialSize…}
Win32_Desktop                       {}                   {Caption, Description, SettingID, BorderWidth…}
Win32_ShadowContext                 {}                   {Caption, Description, SettingID, ClientAccessible…}
Win32_MSIResource                   {}                   {Caption, Description, SettingID}
Win32_ServiceControl                {}                   {Caption, Description, SettingID, Arguments…}
Win32_Property                      {}                   {Caption, Description, SettingID, ProductCode…}
Win32_Patch                         {}                   {Caption, Description, SettingID, Attributes…}
Win32_PatchPackage                  {}                   {Caption, Description, SettingID, PatchID…}
Win32_Binary                        {}                   {Caption, Description, SettingID, Data…}
Win32_AutochkSetting                {}                   {Caption, Description, SettingID, UserInputDelay}
Win32_SerialPortConfiguration       {}                   {Caption, Description, SettingID, AbortReadWriteOnError…}
CIM_MonitorResolution               {}                   {Caption, Description, SettingID, HorizontalResolution…}
Win32_StartupCommand                {}                   {Caption, Description, SettingID, Command…}
Win32_BootConfiguration             {}                   {Caption, Description, SettingID, BootDirectory…}
Win32_NetworkLoginProfile           {}                   {Caption, Description, SettingID, AccountExpires…}
Win32_NamedJobObjectLimitSetting    {}                   {Caption, Description, SettingID, ActiveProcessLimit…}
CIM_VideoControllerResolution       {}                   {Caption, Description, SettingID, HorizontalResolution…}
Win32_NamedJobObjectSecLimitSetting {}                   {Caption, Description, SettingID, PrivilegesToDelete…}
Win32_DisplayConfiguration          {}                   {Caption, Description, SettingID, BitsPerPel…}
Win32_NetworkAdapterConfiguration   {EnableDHCP, RenewD… {Caption, Description, SettingID, ArpAlwaysSourceRoute…}
Win32_QuotaSetting                  {}                   {Caption, Description, SettingID, DefaultLimit…}
Win32_SecuritySetting               {GetSecurityDescrip… {Caption, Description, SettingID, ControlFlags}
Win32_LogicalFileSecuritySetting    {GetSecurityDescrip… {Caption, Description, SettingID, ControlFlags…}
Win32_LogicalShareSecuritySetting   {GetSecurityDescrip… {Caption, Description, SettingID, ControlFlags…}
Win32_DisplayControllerConfigurati… {}                   {Caption, Description, SettingID, BitsPerPixel…}
Win32_WMISetting                    {}                   {Caption, Description, SettingID, ASPScriptDefaultNamespace…}
Win32_OSRecoveryConfiguration       {}                   {Caption, Description, SettingID, AutoReboot…}
Win32_COMSetting                    {}                   {Caption, Description, SettingID}
Win32_ClassicCOMClassSetting        {}                   {Caption, Description, SettingID, AppID…}
Win32_DCOMApplicationSetting        {GetLaunchSecurityD… {Caption, Description, SettingID, AppID…}
Win32_VideoConfiguration            {}                   {Caption, Description, SettingID, ActualColorResolution…}
Win32_ODBCAttribute                 {}                   {Caption, Description, SettingID, Attribute…}
Win32_ODBCSourceAttribute           {}                   {Caption, Description, SettingID, Attribute…}
ScriptingStandardConsumerSetting    {}                   {Caption, Description, SettingID, MaximumScripts…}
Win32_PrinterConfiguration          {}                   {Caption, Description, SettingID, BitsPerPel…}
Win32_CurrentTime                   {}                   {Day, DayOfWeek, Hour, Milliseconds…}
Win32_UTCTime                       {}                   {Day, DayOfWeek, Hour, Milliseconds…}
Win32_LocalTime                     {}                   {Day, DayOfWeek, Hour, Milliseconds…}
CIM_FRU                             {}                   {Caption, Description, FRUNumber, IdentifyingNumber…}
CIM_Action                          {Invoke}             {ActionID, Caption, Description, Direction…}
Win32_ShortcutAction                {Invoke}             {ActionID, Caption, Description, Direction…}
CIM_RebootAction                    {Invoke}             {ActionID, Caption, Description, Direction…}
Win32_ExtensionInfoAction           {Invoke}             {ActionID, Caption, Description, Direction…}
CIM_DirectoryAction                 {Invoke}             {ActionID, Caption, Description, Direction…}
CIM_CreateDirectoryAction           {Invoke}             {ActionID, Caption, Description, Direction…}
Win32_CreateFolderAction            {Invoke}             {ActionID, Caption, Description, Direction…}
CIM_RemoveDirectoryAction           {Invoke}             {ActionID, Caption, Description, Direction…}
Win32_RegistryAction                {Invoke}             {ActionID, Caption, Description, Direction…}
Win32_ClassInfoAction               {Invoke}             {ActionID, Caption, Description, Direction…}
CIM_ModifySettingAction             {Invoke}             {ActionID, Caption, Description, Direction…}
Win32_SelfRegModuleAction           {Invoke}             {ActionID, Caption, Description, Direction…}
Win32_TypeLibraryAction             {Invoke}             {ActionID, Caption, Description, Direction…}
CIM_ExecuteProgram                  {Invoke}             {ActionID, Caption, Description, Direction…}
Win32_BindImageAction               {Invoke}             {ActionID, Caption, Description, Direction…}
Win32_RemoveIniAction               {Invoke}             {ActionID, Caption, Description, Direction…}
Win32_MIMEInfoAction                {Invoke}             {ActionID, Caption, Description, Direction…}
Win32_FontInfoAction                {Invoke}             {ActionID, Caption, Description, Direction…}
Win32_PublishComponentAction        {Invoke}             {ActionID, Caption, Description, Direction…}
CIM_FileAction                      {Invoke}             {ActionID, Caption, Description, Direction…}
Win32_MoveFileAction                {Invoke}             {ActionID, Caption, Description, Direction…}
CIM_CopyFileAction                  {Invoke}             {ActionID, Caption, Description, Direction…}
Win32_DuplicateFileAction           {Invoke}             {ActionID, Caption, Description, Direction…}
CIM_RemoveFileAction                {Invoke}             {ActionID, Caption, Description, Direction…}
Win32_RemoveFileAction              {Invoke}             {ActionID, Caption, Description, Direction…}
Win32_ProductResource               {}                   {Product, Resource}
Win32_FolderRedirectionHealth       {}                   {HealthStatus, LastSuccessfulSyncTime, LastSyncStatus, LastSyncTime…}
Win32_MountPoint                    {}                   {Directory, Volume}
CIM_Statistics                      {}                   {Element, Stats}
CIM_ErrorCountersForDevice          {}                   {Element, Stats}
Win32_OfflineFilesAssociatedItems   {}                   {Antecedent, Dependent}
Msft_Providers                      {Suspend, Resume, U… {HostingGroup, HostingSpecification, HostProcessIdentifier, Locale…}
Win32Reg_AddRemovePrograms          {}                   {DisplayName, InstallDate, ProdID, Publisher…}
Win32_UserProfile                   {ChangeOwner}        {AppDataRoaming, Contacts, Desktop, Documents…}
CIM_RelatedStatistics               {}                   {RelatedStats, Stats}
OSDImageProperties                  {}                   {KeyName, OSD_BootImageID, OSD_BootMediaPackageID, OSD_BootMediaSourceVersion…}
Win32_OfflineFilesChangeInfo        {}                   {CreatedOffline, DeletedOffline, Dirty, ModifiedAttributes…}
CIM_Export                          {}                   {Directory, ExportedDirectoryName, LocalFS}
Win32_RoamingProfileMachineConfigu… {}                   {AddAdminGroupToRUPEnabled, AllowCrossForestUserPolicy, BackgroundUploadParams, DeleteProfilesOlderDays…}
Win32_ManagedSystemElementResource  {}                   {}
Win32_SoftwareElementResource       {}                   {Element, Setting}
CIM_FRUPhysicalElements             {}                   {Component, FRU}
CIM_ParticipatesInSet               {}                   {Element, Set}
CIM_FromDirectoryAction             {}                   {FileName, SourceDirectory}
Win32_SID                           {}                   {AccountName, BinaryRepresentation, ReferencedDomainName, SID…}
CIM_ElementCapacity                 {}                   {Capacity, Element}
Win32_ActionCheck                   {}                   {Action, Check}
CIM_ElementSetting                  {}                   {Element, Setting}
Win32_UserDesktop                   {}                   {Element, Setting}
CIM_MonitorSetting                  {}                   {Element, Setting}
Win32_DeviceSettings                {}                   {Element, Setting}
Win32_PrinterSetting                {}                   {Element, Setting}
Win32_NetworkAdapterSetting         {}                   {Element, Setting}
Win32_SerialPortSetting             {}                   {Element, Setting}
Win32_SystemSetting                 {}                   {Element, Setting}
Win32_SystemProgramGroups           {}                   {Element, Setting}
Win32_SystemBootConfiguration       {}                   {Element, Setting}
Win32_SystemTimeZone                {}                   {Element, Setting}
Win32_SystemDesktop                 {}                   {Element, Setting}
Win32_ClassicCOMClassSettings       {}                   {Element, Setting}
Win32_VolumeQuota                   {}                   {Element, Setting}
Win32_WMIElementSetting             {}                   {Element, Setting}
Win32_COMApplicationSettings        {}                   {Element, Setting}
CIM_VideoSetting                    {}                   {Element, Setting}
Win32_VideoSettings                 {}                   {Element, Setting}
Win32_SecuritySettingOfObject       {}                   {Element, Setting}
Win32_SecuritySettingOfLogicalShare {}                   {Element, Setting}
Win32_SecuritySettingOfLogicalFile  {}                   {Element, Setting}
Win32_PageFileElementSetting        {}                   {Element, Setting}
Win32_OperatingSystemAutochkSetting {}                   {Element, Setting}
Win32_VolumeQuotaSetting            {}                   {Element, Setting}
CIM_ToDirectorySpecification        {}                   {DestinationDirectory, FileName}
CIM_ProductSoftwareFeatures         {}                   {Component, Product}
Win32_ProductSoftwareFeatures       {}                   {Component, Product}
Win32_ImplementedCategory           {}                   {Category, Component}
Win32Reg_SMSAdvancedClientPorts     {}                   {HttpsPortName, InstanceKey, PortName}
Win32_RoamingProfileUserConfigurat… {}                   {DirectoriesToSyncAtLogonLogoff, ExcludedProfileDirs, IsConfiguredByWMI}
CIM_InstalledSoftwareElement        {}                   {Software, System}
Win32_InstalledSoftwareElement      {}                   {Software, System}
NomadSettings                       {}                   {AssumedLinkSpeed, AuthenticatedUsers, BlockSize, CertIssuer…}
Win32_USBDevice                     {}                   {Caption, ClassGuid, ConfigManagerErrorCode, ConfigManagerUserConfig…}
Win32_SoftwareFeatureCheck          {}                   {Check, Element}
Win32_LUIDandAttributes             {}                   {Attributes, LUID}
File_Inventory                      {}                   {CreationTime, Directory, Extension, FullName…}
Win32_VolumeUserQuota               {}                   {Account, DiskSpaceUsed, Limit, Status…}
Msft_WmiProvider_Counters           {}                   {ProviderOperation_AccessCheck, ProviderOperation_CancelQuery, ProviderOperation_CreateClassEnumAsync, ProviderOp…
Win32_LUID                          {}                   {HighPart, LowPart}
CIM_Check                           {Invoke}             {Caption, CheckID, CheckMode, Description…}
CIM_DiskSpaceCheck                  {Invoke}             {Caption, CheckID, CheckMode, Description…}
CIM_DirectorySpecification          {Invoke}             {Caption, CheckID, CheckMode, Description…}
Win32_DirectorySpecification        {Invoke}             {Caption, CheckID, CheckMode, Description…}
Win32_SoftwareElementCondition      {Invoke}             {Caption, CheckID, CheckMode, Description…}
Win32_ODBCDriverSpecification       {Invoke}             {Caption, CheckID, CheckMode, Description…}
CIM_MemoryCheck                     {Invoke}             {Caption, CheckID, CheckMode, Description…}
Win32_ServiceSpecification          {Invoke}             {Caption, CheckID, CheckMode, Description…}
CIM_FileSpecification               {Invoke}             {Caption, CheckID, CheckMode, Description…}
Win32_FileSpecification             {Invoke}             {Caption, CheckID, CheckMode, Description…}
Win32_IniFileSpecification          {Invoke}             {Caption, CheckID, CheckMode, Description…}
CIM_SoftwareElementVersionCheck     {Invoke}             {Caption, CheckID, CheckMode, Description…}
CIM_SettingCheck                    {Invoke}             {Caption, CheckID, CheckMode, Description…}
Win32_LaunchCondition               {Invoke}             {Caption, CheckID, CheckMode, Description…}
Win32_ODBCDataSourceSpecification   {Invoke}             {Caption, CheckID, CheckMode, Description…}
Win32_ODBCTranslatorSpecification   {Invoke}             {Caption, CheckID, CheckMode, Description…}
Win32_ProgIDSpecification           {Invoke}             {Caption, CheckID, CheckMode, Description…}
CIM_SwapSpaceCheck                  {Invoke}             {Caption, CheckID, CheckMode, Description…}
Win32_EnvironmentSpecification      {Invoke}             {Caption, CheckID, CheckMode, Description…}
Win32_ReserveCost                   {Invoke}             {Caption, CheckID, CheckMode, Description…}
CIM_VersionCompatibilityCheck       {Invoke}             {Caption, CheckID, CheckMode, Description…}
CIM_OSVersionCheck                  {Invoke}             {Caption, CheckID, CheckMode, Description…}
Win32_Condition                     {Invoke}             {Caption, CheckID, CheckMode, Description…}
CIM_ProductFRU                      {}                   {FRU, Product}
Win32_ShadowStorage                 {Create}             {AllocatedSpace, DiffVolume, MaxSpace, UsedSpace…}
Win32_DCOMApplicationAccessAllowed… {}                   {Element, Setting}
StdRegProv                          {CreateKey, DeleteK… {}
FNMP_SQLServer2014                  {}                   {IsReadOnly, PropertyIndex, PropertyName, PropertyNumValue…}
CIM_FRUIncludesProduct              {}                   {Component, FRU}
Win32_FolderRedirection             {}                   {ContentsMoved, ContentsMovedOnPolicyRemoval, ContentsRenamedInLocalCache, ExclusiveRightsGranted…}
CIM_ProductPhysicalElements         {}                   {Component, Product}
CIM_CollectedMSEs                   {}                   {Collection, Member}
Win32_NamedJobObjectProcess         {}                   {Collection, Member}
CIM_PhysicalElementLocation         {}                   {Element, PhysicalLocation}
NomadPackages                       {}                   {AlreadyCached, BackOffSeconds, BytesFromDP, BytesFromPeer…}
Win32_TokenPrivileges               {}                   {PrivilegeCount, Privileges}
CIM_CollectionOfMSEs                {}                   {Caption, CollectionID, Description}
Win32_NamedJobObject                {}                   {Caption, CollectionID, Description, BasicUIRestrictions}
CIM_FromDirectorySpecification      {}                   {FileName, SourceDirectory}
Win32_PnPDevice                     {}                   {SameElement, SystemElement}
CIM_StorageError                    {}                   {DeviceCreationClassName, DeviceID, EndingAddress, StartingAddress…}
SMS_AI_InstalledSoftwareDupDetect   {}                   {EntryNameKey, Software1, Software2}
Win32_ServiceSpecificationService   {}                   {Check, Element}
Win32Reg_SMSWindowsUpdate           {}                   {AUOptions, InstanceKey, NoAutoUpdate, UseWUServer}
Win32_OfflineFilesItem              {}                   {ChangeInfo, ConnectionInfo, DirtyInfo, Encrypted…}
Win32_OfflineFilesBackgroundSync    {}                   {BackgroundSyncWorkOfflineSharesEnabled, BlockOutDurationMin, BlockOutStartTimeHoursMinutes, MaxTimeBetweenSyncs…}
Win32_InstalledWin32Program         {}                   {Language, MsiPackageCode, MsiProductCode, Name…}
Win32_ShareToDirectory              {}                   {Share, SharedElement}
DellMonitoring_64                   {}                   {KeyName}
CCM_ComputerSystemExtended          {}                   {Name, PCSystemType}
CCM_LogicalMemoryConfiguration      {}                   {AvailableVirtualMemory, Name, TotalPageFileSpace, TotalPhysicalMemory…}
OSDImageProperties2                 {}                   {DCUPurge, DCUPurge2, KeyName, OSD_Project…}
Microsoft_BDD_Info                  {}                   {BuildID, BuildName, BuildVersion, CaptureMethod…}
Win32_SettingCheck                  {}                   {Check, Setting}
Win32_PatchFile                     {}                   {Check, Setting}
Win32_ODBCDriverAttribute           {}                   {Check, Setting}
Win32_ODBCDataSourceAttribute       {}                   {Check, Setting}
Win32_ClientApplicationSetting      {}                   {Application, Client}
Win32Reg_MBAMPolicy                 {}                   {EncodedComputerName, EncryptionMethod, EncryptionMethodWithXtsFdv, EncryptionMethodWithXtsOs…}
CIM_ElementConfiguration            {}                   {Configuration, Element}
Win32_RoamingUserHealthConfigurati… {}                   {HealthStatusForTempProfiles, LastProfileDownloadIntervalCautionInHours, LastProfileDownloadIntervalUnhealthyInHo…
CIM_ReplacementSet                  {}                   {Description, Name}
Win32_UserStateConfigurationContro… {}                   {FolderRedirection, OfflineFiles, RoamingUserProfile}
Win32_OfflineFilesPinInfo           {}                   {Pinned, PinnedForComputer, PinnedForFolderRedirection, PinnedForUser…}
CIM_DirectorySpecificationFile      {}                   {DirectorySpecification, FileSpecification}
CIM_SettingContext                  {}                   {Context, Setting}
Win32_SecuritySettingOwner          {}                   {Owner, SecuritySetting}
Win32_LogicalFileOwner              {}                   {Owner, SecuritySetting}
Win32_OfflineFilesFileSysInfo       {}                   {LocalAttributes, LocalChangeTime, LocalCreationTime, LocalLastAccessTime…}
CIM_ManagedSystemElement            {}                   {Caption, Description, InstallDate, Name…}
CIM_PhysicalElement                 {}                   {Caption, Description, InstallDate, Name…}
CIM_PhysicalComponent               {}                   {Caption, Description, InstallDate, Name…}
CIM_PhysicalMedia                   {}                   {Caption, Description, InstallDate, Name…}
Win32_PhysicalMedia                 {}                   {Caption, Description, InstallDate, Name…}
CIM_Chip                            {}                   {Caption, Description, InstallDate, Name…}
CIM_PhysicalMemory                  {}                   {Caption, Description, InstallDate, Name…}
Win32_PhysicalMemory                {}                   {Caption, Description, InstallDate, Name…}
Win32_OnBoardDevice                 {}                   {Caption, Description, InstallDate, Name…}
CIM_PhysicalPackage                 {IsCompatible}       {Caption, Description, InstallDate, Name…}
CIM_Card                            {IsCompatible}       {Caption, Description, InstallDate, Name…}
Win32_BaseBoard                     {IsCompatible}       {Caption, Description, InstallDate, Name…}
CIM_PhysicalFrame                   {IsCompatible}       {Caption, Description, InstallDate, Name…}
CIM_Rack                            {IsCompatible}       {Caption, Description, InstallDate, Name…}
CIM_Chassis                         {IsCompatible}       {Caption, Description, InstallDate, Name…}
Win32_SystemEnclosure               {IsCompatible}       {Caption, Description, InstallDate, Name…}
Win32_PhysicalMemoryArray           {IsCompatible}       {Caption, Description, InstallDate, Name…}
CIM_PhysicalConnector               {}                   {Caption, Description, InstallDate, Name…}
CIM_Slot                            {}                   {Caption, Description, InstallDate, Name…}
Win32_SystemSlot                    {}                   {Caption, Description, InstallDate, Name…}
Win32_PortConnector                 {}                   {Caption, Description, InstallDate, Name…}
CIM_PhysicalLink                    {}                   {Caption, Description, InstallDate, Name…}
CIM_LogicalElement                  {}                   {Caption, Description, InstallDate, Name…}
CIM_Thread                          {}                   {Caption, Description, InstallDate, Name…}
Win32_Thread                        {}                   {Caption, Description, InstallDate, Name…}
Win32_COMApplication                {}                   {Caption, Description, InstallDate, Name…}
Win32_DCOMApplication               {}                   {Caption, Description, InstallDate, Name…}
CIM_Job                             {}                   {Caption, Description, InstallDate, Name…}
Win32_ScheduledJob                  {Create, Delete}     {Caption, Description, InstallDate, Name…}
Win32_PrintJob                      {Pause, Resume}      {Caption, Description, InstallDate, Name…}
Win32_ServerSession                 {}                   {Caption, Description, InstallDate, Name…}
CIM_System                          {}                   {Caption, Description, InstallDate, Name…}
CIM_ComputerSystem                  {}                   {Caption, Description, InstallDate, Name…}
CIM_UnitaryComputerSystem           {SetPowerState}      {Caption, Description, InstallDate, Name…}
Win32_ComputerSystem                {SetPowerState, Ren… {Caption, Description, InstallDate, Name…}
CIM_ApplicationSystem               {}                   {Caption, Description, InstallDate, Name…}
Win32_NTDomain                      {}                   {Caption, Description, InstallDate, Name…}
CIM_SoftwareFeature                 {}                   {Caption, Description, InstallDate, Name…}
Win32_SoftwareFeature               {Reinstall, Configu… {Caption, Description, InstallDate, Name…}
CIM_VideoBIOSFeature                {}                   {Caption, Description, InstallDate, Name…}
CIM_BIOSFeature                     {}                   {Caption, Description, InstallDate, Name…}
CIM_LogicalDevice                   {SetPowerState, Res… {Caption, Description, InstallDate, Name…}
CIM_Sensor                          {SetPowerState, Res… {Caption, Description, InstallDate, Name…}
CIM_BinarySensor                    {SetPowerState, Res… {Caption, Description, InstallDate, Name…}
CIM_MultiStateSensor                {SetPowerState, Res… {Caption, Description, InstallDate, Name…}
CIM_DiscreteSensor                  {SetPowerState, Res… {Caption, Description, InstallDate, Name…}
CIM_NumericSensor                   {SetPowerState, Res… {Caption, Description, InstallDate, Name…}
CIM_TemperatureSensor               {SetPowerState, Res… {Caption, Description, InstallDate, Name…}
Win32_TemperatureProbe              {SetPowerState, Res… {Caption, Description, InstallDate, Name…}
CIM_Tachometer                      {SetPowerState, Res… {Caption, Description, InstallDate, Name…}
CIM_VoltageSensor                   {SetPowerState, Res… {Caption, Description, InstallDate, Name…}
Win32_VoltageProbe                  {SetPowerState, Res… {Caption, Description, InstallDate, Name…}
CIM_CurrentSensor                   {SetPowerState, Res… {Caption, Description, InstallDate, Name…}
Win32_CurrentProbe                  {SetPowerState, Res… {Caption, Description, InstallDate, Name…}
Win32_Bus                           {SetPowerState, Res… {Caption, Description, InstallDate, Name…}
CIM_UserDevice                      {SetPowerState, Res… {Caption, Description, InstallDate, Name…}
CIM_Keyboard                        {SetPowerState, Res… {Caption, Description, InstallDate, Name…}
Win32_Keyboard                      {SetPowerState, Res… {Caption, Description, InstallDate, Name…}
CIM_Display                         {SetPowerState, Res… {Caption, Description, InstallDate, Name…}
CIM_FlatPanel                       {SetPowerState, Res… {Caption, Description, InstallDate, Name…}
CIM_DesktopMonitor                  {SetPowerState, Res… {Caption, Description, InstallDate, Name…}
Win32_DesktopMonitor                {SetPowerState, Res… {Caption, Description, InstallDate, Name…}
CIM_PointingDevice                  {SetPowerState, Res… {Caption, Description, InstallDate, Name…}
Win32_PointingDevice                {SetPowerState, Res… {Caption, Description, InstallDate, Name…}
CIM_USBDevice                       {SetPowerState, Res… {Caption, Description, InstallDate, Name…}
CIM_USBHub                          {SetPowerState, Res… {Caption, Description, InstallDate, Name…}
Win32_USBHub                        {SetPowerState, Res… {Caption, Description, InstallDate, Name…}
CIM_NetworkAdapter                  {SetPowerState, Res… {Caption, Description, InstallDate, Name…}
Win32_NetworkAdapter                {SetPowerState, Res… {Caption, Description, InstallDate, Name…}
CIM_AlarmDevice                     {SetPowerState, Res… {Caption, Description, InstallDate, Name…}
CIM_Battery                         {SetPowerState, Res… {Caption, Description, InstallDate, Name…}
Win32_Battery                       {SetPowerState, Res… {Caption, Description, InstallDate, Name…}
Win32_PortableBattery               {SetPowerState, Res… {Caption, Description, InstallDate, Name…}
Win32_SoundDevice                   {SetPowerState, Res… {Caption, Description, InstallDate, Name…}
Win32_MotherboardDevice             {SetPowerState, Res… {Caption, Description, InstallDate, Name…}
CIM_PowerSupply                     {SetPowerState, Res… {Caption, Description, InstallDate, Name…}
CIM_UninterruptiblePowerSupply      {SetPowerState, Res… {Caption, Description, InstallDate, Name…}
CIM_MediaAccessDevice               {SetPowerState, Res… {Caption, Description, InstallDate, Name…}
CIM_DiskDrive                       {SetPowerState, Res… {Caption, Description, InstallDate, Name…}
Win32_DiskDrive                     {SetPowerState, Res… {Caption, Description, InstallDate, Name…}
CIM_DisketteDrive                   {SetPowerState, Res… {Caption, Description, InstallDate, Name…}
CIM_TapeDrive                       {SetPowerState, Res… {Caption, Description, InstallDate, Name…}
Win32_TapeDrive                     {SetPowerState, Res… {Caption, Description, InstallDate, Name…}
CIM_MagnetoOpticalDrive             {SetPowerState, Res… {Caption, Description, InstallDate, Name…}
CIM_CDROMDrive                      {SetPowerState, Res… {Caption, Description, InstallDate, Name…}
Win32_CDROMDrive                    {SetPowerState, Res… {Caption, Description, InstallDate, Name…}
CIM_WORMDrive                       {SetPowerState, Res… {Caption, Description, InstallDate, Name…}
CIM_Scanner                         {SetPowerState, Res… {Caption, Description, InstallDate, Name…}
Win32_PnPEntity                     {SetPowerState, Res… {Caption, Description, InstallDate, Name…}
CIM_PotsModem                       {SetPowerState, Res… {Caption, Description, InstallDate, Name…}
Win32_POTSModem                     {SetPowerState, Res… {Caption, Description, InstallDate, Name…}
CIM_CoolingDevice                   {SetPowerState, Res… {Caption, Description, InstallDate, Name…}
CIM_HeatPipe                        {SetPowerState, Res… {Caption, Description, InstallDate, Name…}
Win32_HeatPipe                      {SetPowerState, Res… {Caption, Description, InstallDate, Name…}
CIM_Refrigeration                   {SetPowerState, Res… {Caption, Description, InstallDate, Name…}
Win32_Refrigeration                 {SetPowerState, Res… {Caption, Description, InstallDate, Name…}
CIM_Fan                             {SetPowerState, Res… {Caption, Description, InstallDate, Name…}
Win32_Fan                           {SetPowerState, Res… {Caption, Description, InstallDate, Name…}
CIM_Printer                         {SetPowerState, Res… {Caption, Description, InstallDate, Name…}
Win32_Printer                       {SetPowerState, Res… {Caption, Description, InstallDate, Name…}
CIM_Controller                      {SetPowerState, Res… {Caption, Description, InstallDate, Name…}
CIM_ManagementController            {SetPowerState, Res… {Caption, Description, InstallDate, Name…}
CIM_SCSIController                  {SetPowerState, Res… {Caption, Description, InstallDate, Name…}
Win32_SCSIController                {SetPowerState, Res… {Caption, Description, InstallDate, Name…}
CIM_InfraredController              {SetPowerState, Res… {Caption, Description, InstallDate, Name…}
Win32_InfraredDevice                {SetPowerState, Res… {Caption, Description, InstallDate, Name…}
CIM_PCIController                   {SetPowerState, Res… {Caption, Description, InstallDate, Name…}
CIM_PCMCIAController                {SetPowerState, Res… {Caption, Description, InstallDate, Name…}
Win32_PCMCIAController              {SetPowerState, Res… {Caption, Description, InstallDate, Name…}
CIM_VideoController                 {SetPowerState, Res… {Caption, Description, InstallDate, Name…}
CIM_PCVideoController               {SetPowerState, Res… {Caption, Description, InstallDate, Name…}
Win32_VideoController               {SetPowerState, Res… {Caption, Description, InstallDate, Name…}
CIM_USBController                   {SetPowerState, Res… {Caption, Description, InstallDate, Name…}
Win32_USBController                 {SetPowerState, Res… {Caption, Description, InstallDate, Name…}
CIM_SerialController                {SetPowerState, Res… {Caption, Description, InstallDate, Name…}
Win32_SerialPort                    {SetPowerState, Res… {Caption, Description, InstallDate, Name…}
CIM_ParallelController              {SetPowerState, Res… {Caption, Description, InstallDate, Name…}
Win32_ParallelPort                  {SetPowerState, Res… {Caption, Description, InstallDate, Name…}
Win32_IDEController                 {SetPowerState, Res… {Caption, Description, InstallDate, Name…}
Win32_1394Controller                {SetPowerState, Res… {Caption, Description, InstallDate, Name…}
CIM_StorageExtent                   {SetPowerState, Res… {Caption, Description, InstallDate, Name…}
CIM_Memory                          {SetPowerState, Res… {Caption, Description, InstallDate, Name…}
CIM_VolatileStorage                 {SetPowerState, Res… {Caption, Description, InstallDate, Name…}
CIM_NonVolatileStorage              {SetPowerState, Res… {Caption, Description, InstallDate, Name…}
CIM_CacheMemory                     {SetPowerState, Res… {Caption, Description, InstallDate, Name…}
Win32_CacheMemory                   {SetPowerState, Res… {Caption, Description, InstallDate, Name…}
CIM_StorageVolume                   {SetPowerState, Res… {Caption, Description, InstallDate, Name…}
Win32_Volume                        {SetPowerState, Res… {Caption, Description, InstallDate, Name…}
CIM_PhysicalExtent                  {SetPowerState, Res… {Caption, Description, InstallDate, Name…}
Win32_SMBIOSMemory                  {SetPowerState, Res… {Caption, Description, InstallDate, Name…}
Win32_MemoryArray                   {SetPowerState, Res… {Caption, Description, InstallDate, Name…}
Win32_MemoryDevice                  {SetPowerState, Res… {Caption, Description, InstallDate, Name…}
CIM_ProtectedSpaceExtent            {SetPowerState, Res… {Caption, Description, InstallDate, Name…}
CIM_AggregatePSExtent               {SetPowerState, Res… {Caption, Description, InstallDate, Name…}
CIM_AggregatePExtent                {SetPowerState, Res… {Caption, Description, InstallDate, Name…}
CIM_VolumeSet                       {SetPowerState, Res… {Caption, Description, InstallDate, Name…}
CIM_LogicalDisk                     {SetPowerState, Res… {Caption, Description, InstallDate, Name…}
Win32_LogicalDisk                   {SetPowerState, Res… {Caption, Description, InstallDate, Name…}
Win32_MappedLogicalDisk             {SetPowerState, Res… {Caption, Description, InstallDate, Name…}
CIM_DiskPartition                   {SetPowerState, Res… {Caption, Description, InstallDate, Name…}
Win32_DiskPartition                 {SetPowerState, Res… {Caption, Description, InstallDate, Name…}
CIM_Processor                       {SetPowerState, Res… {Caption, Description, InstallDate, Name…}
Win32_Processor                     {SetPowerState, Res… {Caption, Description, InstallDate, Name…}
Win32_OptionalFeature               {}                   {Caption, Description, InstallDate, Name…}
Win32_DfsNode                       {Create}             {Caption, Description, InstallDate, Name…}
Win32_ComponentCategory             {}                   {Caption, Description, InstallDate, Name…}
Win32_ProgramGroupOrItem            {}                   {Caption, Description, InstallDate, Name…}
Win32_LogicalProgramGroupItem       {}                   {Caption, Description, InstallDate, Name…}
Win32_LogicalProgramGroup           {}                   {Caption, Description, InstallDate, Name…}
Win32_NetworkConnection             {}                   {Caption, Description, InstallDate, Name…}
Win32_COMClass                      {}                   {Caption, Description, InstallDate, Name…}
Win32_ClassicCOMClass               {}                   {Caption, Description, InstallDate, Name…}
Win32_Account                       {}                   {Caption, Description, InstallDate, Name…}
Win32_UserAccount                   {Rename}             {Caption, Description, InstallDate, Name…}
Win32_Group                         {Rename}             {Caption, Description, InstallDate, Name…}
Win32_SystemAccount                 {}                   {Caption, Description, InstallDate, Name…}
CIM_Service                         {StartService, Stop… {Caption, Description, InstallDate, Name…}
Win32_BaseService                   {StartService, Stop… {Caption, Description, InstallDate, Name…}
Win32_SystemDriver                  {StartService, Stop… {Caption, Description, InstallDate, Name…}
Win32_Service                       {StartService, Stop… {Caption, Description, InstallDate, Name…}
Win32_TerminalService               {StartService, Stop… {Caption, Description, InstallDate, Name…}
CIM_BootService                     {StartService, Stop… {Caption, Description, InstallDate, Name…}
Win32_PnPSignedDriver               {StartService, Stop… {Caption, Description, InstallDate, Name…}
CIM_ClusteringService               {StartService, Stop… {Caption, Description, InstallDate, Name…}
Win32_ApplicationService            {StartService, Stop… {Caption, Description, InstallDate, Name…}
Win32_PrinterDriver                 {StartService, Stop… {Caption, Description, InstallDate, Name…}
CIM_ServiceAccessPoint              {}                   {Caption, Description, InstallDate, Name…}
Win32_TCPIPPrinterPort              {}                   {Caption, Description, InstallDate, Name…}
CIM_ClusteringSAP                   {}                   {Caption, Description, InstallDate, Name…}
CIM_BootSAP                         {}                   {Caption, Description, InstallDate, Name…}
Win32_CommandLineAccess             {}                   {Caption, Description, InstallDate, Name…}
CIM_SystemResource                  {}                   {Caption, Description, InstallDate, Name…}
CIM_MemoryMappedIO                  {}                   {Caption, Description, InstallDate, Name…}
Win32_SystemMemoryResource          {}                   {Caption, Description, InstallDate, Name…}
Win32_PortResource                  {}                   {Caption, Description, InstallDate, Name…}
Win32_DeviceMemoryAddress           {}                   {Caption, Description, InstallDate, Name…}
CIM_IRQ                             {}                   {Caption, Description, InstallDate, Name…}
Win32_IRQResource                   {}                   {Caption, Description, InstallDate, Name…}
Win32_Environment                   {}                   {Caption, Description, InstallDate, Name…}
CIM_DMA                             {}                   {Caption, Description, InstallDate, Name…}
Win32_DMAChannel                    {}                   {Caption, Description, InstallDate, Name…}
Win32_Share                         {Create, SetShareIn… {Caption, Description, InstallDate, Name…}
Win32_ClusterShare                  {Create, SetShareIn… {Caption, Description, InstallDate, Name…}
CIM_FileSystem                      {}                   {Caption, Description, InstallDate, Name…}
CIM_RemoteFileSystem                {}                   {Caption, Description, InstallDate, Name…}
CIM_NFS                             {}                   {Caption, Description, InstallDate, Name…}
CIM_LocalFileSystem                 {}                   {Caption, Description, InstallDate, Name…}
Win32_NetworkProtocol               {}                   {Caption, Description, InstallDate, Name…}
Win32_ShadowProvider                {}                   {Caption, Description, InstallDate, Name…}
CIM_RedundancyGroup                 {}                   {Caption, Description, InstallDate, Name…}
CIM_ExtraCapacityGroup              {}                   {Caption, Description, InstallDate, Name…}
CIM_StorageRedundancyGroup          {}                   {Caption, Description, InstallDate, Name…}
CIM_SpareGroup                      {}                   {Caption, Description, InstallDate, Name…}
Win32_QuickFixEngineering           {}                   {Caption, Description, InstallDate, Name…}
Win32_IP4RouteTable                 {}                   {Caption, Description, InstallDate, Name…}
Win32_ShadowCopy                    {Create, Revert}     {Caption, Description, InstallDate, Name…}
Win32_LoadOrderGroup                {}                   {Caption, Description, InstallDate, Name…}
CIM_Process                         {}                   {Caption, Description, InstallDate, Name…}
Win32_Process                       {Create, Terminate,… {Caption, Description, InstallDate, Name…}
Win32_Session                       {}                   {Caption, Description, InstallDate, Name…}
Win32_LogonSession                  {}                   {Caption, Description, InstallDate, Name…}
Win32_ServerConnection              {}                   {Caption, Description, InstallDate, Name…}
CIM_JobDestination                  {}                   {Caption, Description, InstallDate, Name…}
Win32_DfsTarget                     {}                   {Caption, Description, InstallDate, Name…}
Win32_NetworkClient                 {}                   {Caption, Description, InstallDate, Name…}
Win32_PageFileUsage                 {}                   {Caption, Description, InstallDate, Name…}
CIM_OperatingSystem                 {Reboot, Shutdown}   {Caption, Description, InstallDate, Name…}
Win32_OperatingSystem               {Reboot, Shutdown, … {Caption, Description, InstallDate, Name…}
CIM_LogicalFile                     {TakeOwnerShip, Cha… {Caption, Description, InstallDate, Name…}
CIM_Directory                       {TakeOwnerShip, Cha… {Caption, Description, InstallDate, Name…}
Win32_Directory                     {TakeOwnerShip, Cha… {Caption, Description, InstallDate, Name…}
CIM_DeviceFile                      {TakeOwnerShip, Cha… {Caption, Description, InstallDate, Name…}
CIM_DataFile                        {TakeOwnerShip, Cha… {Caption, Description, InstallDate, Name…}
Win32_ShortcutFile                  {TakeOwnerShip, Cha… {Caption, Description, InstallDate, Name…}
Win32_CodecFile                     {TakeOwnerShip, Cha… {Caption, Description, InstallDate, Name…}
Win32_NTEventlogFile                {TakeOwnerShip, Cha… {Caption, Description, InstallDate, Name…}
Win32_PageFile                      {TakeOwnerShip, Cha… {Caption, Description, InstallDate, Name…}
Win32_IP4PersistedRouteTable        {}                   {Caption, Description, InstallDate, Name…}
Win32_Registry                      {}                   {Caption, Description, InstallDate, Name…}
CIM_SoftwareElement                 {}                   {Caption, Description, InstallDate, Name…}
CIM_BIOSElement                     {}                   {Caption, Description, InstallDate, Name…}
Win32_BIOS                          {}                   {Caption, Description, InstallDate, Name…}
Win32_SoftwareElement               {}                   {Caption, Description, InstallDate, Name…}
CIM_VideoBIOSElement                {}                   {Caption, Description, InstallDate, Name…}
NTEventlogProviderConfig            {}                   {LastBootUpTime}
Win32_ShortcutSAP                   {}                   {Action, Element}
Win32_OfflineFilesSuspendInfo       {}                   {Suspended, SuspendedRoot}
Win32_MethodParameterClass          {}                   {}
Win32_ProcessStartup                {}                   {CreateFlags, EnvironmentVariables, ErrorMode, FillAttribute…}
Win32_PingStatus                    {}                   {Address, BufferSize, NoFragmentation, PrimaryAddressResolutionStatus…}
CIM_ProductSupport                  {}                   {Product, Support}
CIM_AdjacentSlots                   {}                   {DistanceBetweenSlots, SharedSlots, SlotA, SlotB}
CIM_SoftwareElementChecks           {}                   {Check, Element, Phase}
Win32_SoftwareElementCheck          {}                   {Check, Element, Phase}
Win32_ODBCDriverSoftwareElement     {}                   {Check, Element, Phase}
FNMP_SQLServer2005                  {}                   {IsReadOnly, PropertyIndex, PropertyName, PropertyNumValue…}
CIM_Component                       {}                   {GroupComponent, PartComponent}
CIM_SystemComponent                 {}                   {GroupComponent, PartComponent}
Win32_SystemServices                {}                   {GroupComponent, PartComponent}
Win32_SystemNetworkConnections      {}                   {GroupComponent, PartComponent}
CIM_HostedFileSystem                {}                   {GroupComponent, PartComponent}
CIM_ComputerSystemResource          {}                   {GroupComponent, PartComponent}
Win32_SystemResources               {}                   {GroupComponent, PartComponent}
CIM_ComputerSystemMappedIO          {}                   {GroupComponent, PartComponent}
CIM_ComputerSystemDMA               {}                   {GroupComponent, PartComponent}
CIM_ComputerSystemIRQ               {}                   {GroupComponent, PartComponent}
Win32_SystemBIOS                    {}                   {GroupComponent, PartComponent}
Win32_SystemLoadOrderGroups         {}                   {GroupComponent, PartComponent}
Win32_SystemUsers                   {}                   {GroupComponent, PartComponent}
CIM_InstalledOS                     {}                   {GroupComponent, PartComponent, PrimaryOS}
Win32_SystemOperatingSystem         {}                   {GroupComponent, PartComponent, PrimaryOS}
CIM_SystemDevice                    {}                   {GroupComponent, PartComponent}
Win32_SystemDevices                 {}                   {GroupComponent, PartComponent}
Win32_ComputerSystemProcessor       {}                   {GroupComponent, PartComponent}
Win32_SystemPartitions              {}                   {GroupComponent, PartComponent}
Win32_SystemSystemDriver            {}                   {GroupComponent, PartComponent}
CIM_ApplicationSystemSoftwareFeatu… {}                   {GroupComponent, PartComponent}
Win32_SystemProcesses               {}                   {GroupComponent, PartComponent}
CIM_LinkHasConnector                {}                   {GroupComponent, PartComponent}
CIM_CollectionOfSensors             {}                   {GroupComponent, PartComponent}
CIM_ProcessThread                   {}                   {GroupComponent, PartComponent}
Win32_COMApplicationClasses         {}                   {GroupComponent, PartComponent}
Win32_ClassicCOMApplicationClasses  {}                   {GroupComponent, PartComponent}
CIM_DirectoryContainsFile           {}                   {GroupComponent, PartComponent}
CIM_FileStorage                     {}                   {GroupComponent, PartComponent}
Win32_UserInDomain                  {}                   {GroupComponent, PartComponent}
Win32_LoadOrderGroupServiceMembers  {}                   {GroupComponent, PartComponent}
CIM_OperatingSystemSoftwareFeature  {}                   {GroupComponent, PartComponent}
CIM_RedundancyComponent             {}                   {GroupComponent, PartComponent}
CIM_AggregateRedundancyComponent    {}                   {GroupComponent, PartComponent}
CIM_PExtentRedundancyComponent      {}                   {GroupComponent, PartComponent}
Win32_LogicalDiskRootDirectory      {}                   {GroupComponent, PartComponent}
CIM_SoftwareFeatureSoftwareElements {}                   {GroupComponent, PartComponent}
Win32_SoftwareFeatureSoftwareEleme… {}                   {GroupComponent, PartComponent}
CIM_VideoBIOSFeatureVideoBIOSEleme… {}                   {GroupComponent, PartComponent}
CIM_BIOSFeatureBIOSElements         {}                   {GroupComponent, PartComponent}
Win32_MemoryDeviceArray             {}                   {GroupComponent, PartComponent}
Win32_GroupInDomain                 {}                   {GroupComponent, PartComponent}
CIM_OSProcess                       {}                   {GroupComponent, PartComponent}
Win32_GroupUser                     {}                   {GroupComponent, PartComponent}
Win32_ProgramGroupContents          {}                   {GroupComponent, PartComponent}
Win32_SubDirectory                  {}                   {GroupComponent, PartComponent}
CIM_Container                       {}                   {GroupComponent, PartComponent, LocationWithinContainer}
CIM_ConnectorOnPackage              {}                   {GroupComponent, PartComponent, LocationWithinContainer}
CIM_PackageInChassis                {}                   {GroupComponent, PartComponent, LocationWithinContainer}
CIM_ChassisInRack                   {}                   {GroupComponent, PartComponent, LocationWithinContainer, BottomU}
CIM_PackagedComponent               {}                   {GroupComponent, PartComponent, LocationWithinContainer}
CIM_MemoryOnCard                    {}                   {GroupComponent, PartComponent, LocationWithinContainer}
Win32_PhysicalMemoryLocation        {}                   {GroupComponent, PartComponent, LocationWithinContainer}
CIM_CardOnCard                      {}                   {GroupComponent, PartComponent, LocationWithinContainer, MountOrSlotDescription}
Win32_FolderRedirectionUserConfigu… {}                   {AppDataRoaming, Contacts, Desktop, Documents…}
Win32_Reliability                   {}                   {}
Win32_ReliabilityStabilityMetrics   {GetRecordCount}     {EndMeasurementDate, RelID, StartMeasurementDate, SystemStabilityIndex…}
Win32_ReliabilityRecords            {GetRecordCount}     {ComputerName, EventIdentifier, InsertionStrings, Logfile…}
Win32_InstalledProgramFramework     {}                   {FrameworkName, FrameworkPublisher, FrameworkVersion, FrameworkVersionActual…}
Win32_NTLogEventLog                 {}                   {Log, Record}
Win32_DiskQuota                     {}                   {DiskSpaceUsed, Limit, QuotaVolume, Status…}
Win32_ComClassAutoEmulator          {}                   {NewVersion, OldVersion}
Win32_FolderRedirectionHealthConfi… {}                   {LastSyncDurationCautionInHours, LastSyncDurationUnhealthyInHours}
Win32_ComClassEmulator              {}                   {NewVersion, OldVersion}
Win32_SoftwareFeatureAction         {}                   {Action, Element}
OSDImageProperties_64               {}                   {KeyName, OSD_BootImageID, OSD_BootMediaPackageID, OSD_BootMediaSourceVersion…}
Win32_OfflineFilesMachineConfigura… {}                   {BackgroundSyncEnabled, BackgroundSyncParams, DiskSpaceLimitEnabled, DiskSpaceLimitParams…}
Win32Reg_SMSAdvancedClientSSLConfi… {}                   {CertificateSelectionCriteria, CertificateStore, ClientAlwaysOnInternet, HttpsStateFlags…}
CIM_StatisticalInformation          {}                   {Caption, Description, Name}
Win32_NamedJobObjectActgInfo        {}                   {Caption, Description, Name, ActiveProcesses…}
CIM_DeviceErrorCounts               {ResetCounter}       {Caption, Description, Name, CriticalErrorCount…}
Win32_Perf                          {}                   {Caption, Description, Name, Frequency_Object…}
Win32_PerfRawData                   {}                   {Caption, Description, Name, Frequency_Object…}
Win32_PerfFormattedData             {}                   {Caption, Description, Name, Frequency_Object…}
Win32_SecuritySettingGroup          {}                   {Group, SecuritySetting}
Win32_LogicalFileGroup              {}                   {Group, SecuritySetting}
SMS_AI_Office14ProductMapping       {}                   {ID, MPC, ProductName}
Win32_DCOMApplicationLaunchAllowed… {}                   {Element, Setting}
Win32_SecuritySettingAuditing       {}                   {AuditedAccessMask, GuidInheritedObjectType, GuidObjectType, Inheritance…}
Win32_LogicalFileAuditing           {}                   {AuditedAccessMask, GuidInheritedObjectType, GuidObjectType, Inheritance…}
Win32_LogicalShareAuditing          {}                   {AuditedAccessMask, GuidInheritedObjectType, GuidObjectType, Inheritance…}
SoftwareLicensingProduct            {UninstallProductKe… {ADActivationCsvlkPid, ADActivationCsvlkSkuId, ADActivationObjectDN, ADActivationObjectName…}
CH_Fix_Report                       {}                   {FixIssueCount, FixIssueKey, FixIssueName, FixTimeStamp}
Win32_PnPDeviceProperty             {}                   {DeviceID, key, KeyName, Type}
Win32_PnPDevicePropertyString       {}                   {DeviceID, key, KeyName, Type…}
Win32_PnPDevicePropertyReal32Array  {}                   {DeviceID, key, KeyName, Type…}
Win32_PnPDevicePropertyReal64       {}                   {DeviceID, key, KeyName, Type…}
Win32_PnPDevicePropertyUint16       {}                   {DeviceID, key, KeyName, Type…}
Win32_PnPDevicePropertySint16Array  {}                   {DeviceID, key, KeyName, Type…}
Win32_PnPDevicePropertySint64       {}                   {DeviceID, key, KeyName, Type…}
Win32_PnPDevicePropertyUint8        {}                   {DeviceID, key, KeyName, Type…}
Win32_PnPDevicePropertySint8        {}                   {DeviceID, key, KeyName, Type…}
Win32_PnPDevicePropertySecurityDes… {}                   {DeviceID, key, KeyName, Type…}
Win32_PnPDevicePropertyReal32       {}                   {DeviceID, key, KeyName, Type…}
Win32_PnPDevicePropertySint32       {}                   {DeviceID, key, KeyName, Type…}
Win32_PnPDevicePropertyStringArray  {}                   {DeviceID, key, KeyName, Type…}
Win32_PnPDevicePropertyUint32       {}                   {DeviceID, key, KeyName, Type…}
Win32_PnPDevicePropertyUint64       {}                   {DeviceID, key, KeyName, Type…}
Win32_PnPDevicePropertyBoolean      {}                   {DeviceID, key, KeyName, Type…}
Win32_PnPDevicePropertyUint16Array  {}                   {DeviceID, key, KeyName, Type…}
Win32_PnPDevicePropertyBinary       {}                   {DeviceID, key, KeyName, Type…}
Win32_PnPDevicePropertySint32Array  {}                   {DeviceID, key, KeyName, Type…}
Win32_PnPDevicePropertySint16       {}                   {DeviceID, key, KeyName, Type…}
Win32_PnPDevicePropertyReal64Array  {}                   {DeviceID, key, KeyName, Type…}
Win32_PnPDevicePropertyBooleanArray {}                   {DeviceID, key, KeyName, Type…}
Win32_PnPDevicePropertyUint32Array  {}                   {DeviceID, key, KeyName, Type…}
Win32_PnPDevicePropertyDateTime     {}                   {DeviceID, key, KeyName, Type…}
Win32_PnPDevicePropertySecurityDes… {}                   {DeviceID, key, KeyName, Type…}
Win32_PnPDevicePropertySint8Array   {}                   {DeviceID, key, KeyName, Type…}
Win32_OfflineFilesCache             {Enable, RenameItem… {Active, Enabled, Location}
CIM_SoftwareElementActions          {}                   {Action, Element}
Win32_SoftwareElementAction         {}                   {Action, Element}
CIM_Dependency                      {}                   {Antecedent, Dependent}
CIM_ServiceAccessBySAP              {}                   {Antecedent, Dependent}
CIM_BootServiceAccessBySAP          {}                   {Antecedent, Dependent}
Win32_ApplicationCommandLine        {}                   {Antecedent, Dependent}
CIM_ClusterServiceAccessBySAP       {}                   {Antecedent, Dependent}
Win32_SubSession                    {}                   {Antecedent, Dependent}
Win32_ShadowVolumeSupport           {}                   {Antecedent, Dependent}
CIM_SAPSAPDependency                {}                   {Antecedent, Dependent}
CIM_PackageTempSensor               {}                   {Antecedent, Dependent}
CIM_JobDestinationJobs              {}                   {Antecedent, Dependent}
CIM_BIOSLoadedInNV                  {}                   {Antecedent, Dependent, EndingAddress, StartingAddress}
CIM_AssociatedCooling               {}                   {Antecedent, Dependent}
Win32_DeviceBus                     {}                   {Antecedent, Dependent}
Win32_SessionConnection             {}                   {Antecedent, Dependent}
Win32_ShadowFor                     {}                   {Antecedent, Dependent}
Win32_LogonSessionMappedDisk        {}                   {Antecedent, Dependent}
CIM_ConnectedTo                     {}                   {Antecedent, Dependent}
CIM_SlotInSlot                      {}                   {Antecedent, Dependent}
Win32_PrinterShare                  {}                   {Antecedent, Dependent}
CIM_BootOSFromFS                    {}                   {Antecedent, Dependent}
Win32_PnPSignedDriverCIMDataFile    {}                   {Antecedent, Dependent}
CIM_AssociatedAlarm                 {}                   {Antecedent, Dependent}
CIM_ElementsLinked                  {}                   {Antecedent, Dependent}
Win32_ConnectionShare               {}                   {Antecedent, Dependent}
Win32_LoadOrderGroupServiceDepende… {}                   {Antecedent, Dependent}
CIM_DeviceSAPImplementation         {}                   {Antecedent, Dependent}
CIM_AssociatedSensor                {}                   {Antecedent, Dependent}
CIM_AssociatedSupplyCurrentSensor   {}                   {Antecedent, Dependent, MonitoringRange}
CIM_AssociatedSupplyVoltageSensor   {}                   {Antecedent, Dependent, MonitoringRange}
CIM_Mount                           {}                   {Antecedent, Dependent}
CIM_ComputerSystemPackage           {}                   {Antecedent, Dependent}
CIM_PackageCooling                  {}                   {Antecedent, Dependent}
CIM_ProcessExecutable               {}                   {Antecedent, Dependent, BaseAddress, GlobalProcessCount…}
CIM_HostedService                   {}                   {Antecedent, Dependent}
CIM_HostedBootService               {}                   {Antecedent, Dependent}
CIM_DeviceAccessedByFile            {}                   {Antecedent, Dependent}
Win32_SessionResource               {}                   {Antecedent, Dependent}
Win32_SessionProcess                {}                   {Antecedent, Dependent}
CIM_AssociatedMemory                {}                   {Antecedent, Dependent}
CIM_AssociatedProcessorMemory       {}                   {Antecedent, Dependent, BusSpeed}
Win32_AssociatedProcessorMemory     {}                   {Antecedent, Dependent, BusSpeed}
Win32_SoftwareFeatureParent         {}                   {Antecedent, Dependent}
CIM_DeviceServiceImplementation     {}                   {Antecedent, Dependent}
CIM_AssociatedBattery               {}                   {Antecedent, Dependent}
Win32_ShadowOn                      {}                   {Antecedent, Dependent}
Win32_PrinterDriverDll              {}                   {Antecedent, Dependent}
CIM_PackageInSlot                   {}                   {Antecedent, Dependent}
CIM_CardInSlot                      {}                   {Antecedent, Dependent}
CIM_MemoryWithMedia                 {}                   {Antecedent, Dependent}
CIM_ServiceServiceDependency        {}                   {Antecedent, Dependent, TypeOfDependency}
Win32_DependentService              {}                   {Antecedent, Dependent, TypeOfDependency}
CIM_BasedOn                         {}                   {Antecedent, Dependent, EndingAddress, StartingAddress}
CIM_LogicalDiskBasedOnPartition     {}                   {Antecedent, Dependent, EndingAddress, StartingAddress}
Win32_LogicalDiskToPartition        {}                   {Antecedent, Dependent, EndingAddress, StartingAddress}
CIM_LogicalDiskBasedOnVolumeSet     {}                   {Antecedent, Dependent, EndingAddress, StartingAddress}
CIM_PSExtentBasedOnPExtent          {}                   {Antecedent, Dependent, EndingAddress, StartingAddress}
Win32_OperatingSystemQFE            {}                   {Antecedent, Dependent}
Win32_LoggedOnUser                  {}                   {Antecedent, Dependent}
CIM_RunningOS                       {}                   {Antecedent, Dependent}
Win32_SystemDriverPNPEntity         {}                   {Antecedent, Dependent}
CIM_SoftwareFeatureServiceImplemen… {}                   {Antecedent, Dependent}
CIM_ServiceSAPDependency            {}                   {Antecedent, Dependent}
Win32_DfsNodeTarget                 {}                   {Antecedent, Dependent}
Win32_CIMLogicalDeviceCIMDataFile   {}                   {Antecedent, Dependent, Purpose, PurposeDescription}
CIM_DeviceConnection                {}                   {Antecedent, Dependent, NegotiatedDataWidth, NegotiatedSpeed}
CIM_ControlledBy                    {}                   {Antecedent, Dependent, NegotiatedDataWidth, NegotiatedSpeed…}
Win32_SCSIControllerDevice          {}                   {Antecedent, Dependent, NegotiatedDataWidth, NegotiatedSpeed…}
Win32_POTSModemToSerialPort         {}                   {Antecedent, Dependent, NegotiatedDataWidth, NegotiatedSpeed…}
Win32_USBControllerDevice           {}                   {Antecedent, Dependent, NegotiatedDataWidth, NegotiatedSpeed…}
CIM_SCSIInterface                   {}                   {Antecedent, Dependent, NegotiatedDataWidth, NegotiatedSpeed…}
Win32_PrinterController             {}                   {Antecedent, Dependent, NegotiatedDataWidth, NegotiatedSpeed…}
Win32_IDEControllerDevice           {}                   {Antecedent, Dependent, NegotiatedDataWidth, NegotiatedSpeed…}
CIM_SerialInterface                 {}                   {Antecedent, Dependent, NegotiatedDataWidth, NegotiatedSpeed…}
CIM_USBControllerHasHub             {}                   {Antecedent, Dependent, NegotiatedDataWidth, NegotiatedSpeed…}
Win32_ControllerHasHub              {}                   {Antecedent, Dependent, NegotiatedDataWidth, NegotiatedSpeed…}
Win32_1394ControllerDevice          {}                   {Antecedent, Dependent, NegotiatedDataWidth, NegotiatedSpeed…}
Win32_DriverForDevice               {}                   {Antecedent, Dependent}
Win32_LogicalProgramGroupItemDataF… {}                   {Antecedent, Dependent}
CIM_AllocatedResource               {}                   {Antecedent, Dependent}
Win32_PNPAllocatedResource          {}                   {Antecedent, Dependent}
CIM_SoftwareFeatureSAPImplementati… {}                   {Antecedent, Dependent}
CIM_DeviceSoftware                  {}                   {Antecedent, Dependent, Purpose, PurposeDescription}
CIM_Realizes                        {}                   {Antecedent, Dependent}
CIM_RealizesPExtent                 {}                   {Antecedent, Dependent, StartingAddress}
Win32_DiskDrivePhysicalMedia        {}                   {Antecedent, Dependent}
CIM_RealizesDiskPartition           {}                   {Antecedent, Dependent, StartingAddress}
Win32_MemoryDeviceLocation          {}                   {Antecedent, Dependent}
Win32_MemoryArrayLocation           {}                   {Antecedent, Dependent}
CIM_RealizesAggregatePExtent        {}                   {Antecedent, Dependent}
Win32_ShadowBy                      {}                   {Antecedent, Dependent}
Win32_AllocatedResource             {}                   {Antecedent, Dependent}
CIM_HostedAccessPoint               {}                   {Antecedent, Dependent}
CIM_HostedBootSAP                   {}                   {Antecedent, Dependent}
CIM_ResidesOnExtent                 {}                   {Antecedent, Dependent}
CIM_MediaPresent                    {}                   {Antecedent, Dependent}
Win32_DiskDriveToDiskPartition      {}                   {Antecedent, Dependent}
CIM_HostedJobDestination            {}                   {Antecedent, Dependent}
Win32_LogicalProgramGroupDirectory  {}                   {Antecedent, Dependent}
Win32_ShadowDiffVolumeSupport       {}                   {Antecedent, Dependent}
CIM_PackageAlarm                    {}                   {Antecedent, Dependent}
CIM_Docked                          {}                   {Antecedent, Dependent}
CIM_Product                         {}                   {Caption, Description, IdentifyingNumber, Name…}
Win32_Product                       {Install, Admin, Ad… {Caption, Description, IdentifyingNumber, Name…}
Win32_ComputerSystemProduct         {}                   {Caption, Description, IdentifyingNumber, Name…}
Win32Reg_SMSGuestVirtualMachine     {}                   {InstanceKey, PhysicalHostName, PhysicalHostNameFullyQualified}
CIM_ActionSequence                  {}                   {Next, Prior}
CIM_CollectedCollections            {}                   {Collection, CollectionInCollection}
Win32_ProductCheck                  {}                   {Check, Product}
SoftwareLicensingService            {InstallProductKey,… {ClientMachineID, DiscoveredKeyManagementServiceMachineIpAddress, DiscoveredKeyManagementServiceMachineName, Disc…
Win32_NTLogEventUser                {}                   {Record, User}
CIM_ProductParentChild              {}                   {Child, Parent}
Win32_ProtocolBinding               {}                   {Antecedent, Dependent, Device}
CIM_SupportAccess                   {}                   {CommunicationInfo, CommunicationMode, Description, Locale…}
Office365ProPlusConfigurations      {}                   {AutoUpgrade, CCMManaged, CDNBaseUrl, cfgUpdateChannel…}
CIM_CollectionSetting               {}                   {Collection, Setting}
Win32_NamedJobObjectLimit           {}                   {Collection, Setting}
Win32_NamedJobObjectSecLimit        {}                   {Collection, Setting}
Win32_OfflineFilesConnectionInfo    {}                   {ConnectState, OfflineReason}
Win32_InstalledStoreProgram         {}                   {Architecture, Language, Name, ProgramId…}
Win32_NTLogEventComputer            {}                   {Computer, Record}
Win32_TokenGroups                   {}                   {GroupCount, Groups}
SoftwareLicensingTokenActivationLi… {Uninstall}          {AdditionalInfo, AuthorizationStatus, Description, ExpirationDate…}
CIM_PhysicalCapacity                {}                   {Caption, Description, Name}
CIM_MemoryCapacity                  {}                   {Caption, Description, Name, MaximumMemoryCapacity…}
Win32_DefragAnalysis                {}                   {AverageFileSize, AverageFragmentsPerFile, AverageFreeSpacePerExtent, ClusterSize…}
CIM_ProductProductDependency        {}                   {DependentProduct, RequiredProduct, TypeOfDependency}
Win32_SIDandAttributes              {}                   {Attributes, SID}
Win32_CheckCheck                    {}                   {Check, Location}
CIM_CompatibleProduct               {}                   {CompatibilityDescription, CompatibleProduct, Product}
Win32_RoamingProfileBackgroundUplo… {}                   {Interval, SchedulingMethod, Time}
CIM_ToDirectoryAction               {}                   {DestinationDirectory, FileName}
CIM_ActsAsSpare                     {}                   {Group, HotStandby, Spare}
Win32_RoamingProfileSlowLinkParams  {}                   {ConnectionTransferRate, TimeOut}
CCM_OperatingSystemExtended         {}                   {Name, SKU}
Win32Reg_SMSGuestVirtualMachine64   {}                   {InstanceKey, PhysicalHostName, PhysicalHostNameFullyQualified}
SMS_AI_InstalledSoftwareSetPropert… {}                   {EntryNameKey, IfRegistryCheckPositive, PropertyConverter, PropertyName…}
Win32_OfflineFilesDiskSpaceLimit    {}                   {AutoCacheSizeInMB, TotalSizeInMB}
FNMP_SQLServer2012                  {}                   {IsReadOnly, PropertyIndex, PropertyName, PropertyNumValue…}
Win32_SecuritySettingAccess         {}                   {AccessMask, GuidInheritedObjectType, GuidObjectType, Inheritance…}
Win32_LogicalFileAccess             {}                   {AccessMask, GuidInheritedObjectType, GuidObjectType, Inheritance…}
Win32_LogicalShareAccess            {}                   {AccessMask, GuidInheritedObjectType, GuidObjectType, Inheritance…}
Win32_OfflineFilesDirtyInfo         {}                   {LocalDirtyByteCount, RemoteDirtyByteCount}
Win32_OfflineFilesHealth            {}                   {LastSuccessfulSyncTime, LastSyncStatus, LastSyncTime, OfflineAccessEnabled…}
CIM_StorageDefect                   {}                   {Error, Extent}
Win32_PerfFormattedData_AFDCounter… {}                   {Caption, Description, Name, Frequency_Object…}
Win32_PerfRawData_AFDCounters_Micr… {}                   {Caption, Description, Name, Frequency_Object…}
Win32_PerfFormattedData_Authorizat… {}                   {Caption, Description, Name, Frequency_Object…}
Win32_PerfRawData_AuthorizationMan… {}                   {Caption, Description, Name, Frequency_Object…}
Win32_PerfFormattedData_BalancerSt… {}                   {Caption, Description, Name, Frequency_Object…}
Win32_PerfRawData_BalancerStats_Hy… {}                   {Caption, Description, Name, Frequency_Object…}
Win32_PerfFormattedData_BalancerSt… {}                   {Caption, Description, Name, Frequency_Object…}
Win32_PerfRawData_BalancerStats_Hy… {}                   {Caption, Description, Name, Frequency_Object…}
Win32_PerfFormattedData_BITS_BITSN… {}                   {Caption, Description, Name, Frequency_Object…}
Win32_PerfRawData_BITS_BITSNetUtil… {}                   {Caption, Description, Name, Frequency_Object…}
Win32_PerfFormattedData_CcmFramewo… {}                   {Caption, Description, Name, Frequency_Object…}
Win32_PerfRawData_CcmFramework_CCM… {}                   {Caption, Description, Name, Frequency_Object…}
Win32_PerfFormattedData_CcmFramewo… {}                   {Caption, Description, Name, Frequency_Object…}
Win32_PerfRawData_CcmFramework_CCM… {}                   {Caption, Description, Name, Frequency_Object…}
Win32_PerfFormattedData_Counters_A… {}                   {Caption, Description, Name, Frequency_Object…}
Win32_PerfRawData_Counters_AppVCli… {}                   {Caption, Description, Name, Frequency_Object…}
Win32_PerfFormattedData_Counters_B… {}                   {Caption, Description, Name, Frequency_Object…}
Win32_PerfRawData_Counters_Bluetoo… {}                   {Caption, Description, Name, Frequency_Object…}
Win32_PerfFormattedData_Counters_B… {}                   {Caption, Description, Name, Frequency_Object…}
Win32_PerfRawData_Counters_Bluetoo… {}                   {Caption, Description, Name, Frequency_Object…}
Win32_PerfFormattedData_Counters_D… {}                   {Caption, Description, Name, Frequency_Object…}
Win32_PerfRawData_Counters_DNS64Gl… {}                   {Caption, Description, Name, Frequency_Object…}
Win32_PerfFormattedData_Counters_E… {}                   {Caption, Description, Name, Frequency_Object…}
Win32_PerfRawData_Counters_EventLog {}                   {Caption, Description, Name, Frequency_Object…}
Win32_PerfFormattedData_Counters_E… {}                   {Caption, Description, Name, Frequency_Object…}
Win32_PerfRawData_Counters_EventTr… {}                   {Caption, Description, Name, Frequency_Object…}
Win32_PerfFormattedData_Counters_E… {}                   {Caption, Description, Name, Frequency_Object…}
Win32_PerfRawData_Counters_EventTr… {}                   {Caption, Description, Name, Frequency_Object…}
Win32_PerfFormattedData_Counters_F… {}                   {Caption, Description, Name, Frequency_Object…}
Win32_PerfRawData_Counters_FileSys… {}                   {Caption, Description, Name, Frequency_Object…}
Win32_PerfFormattedData_Counters_G… {}                   {Caption, Description, Name, Frequency_Object…}
Win32_PerfRawData_Counters_Generic… {}                   {Caption, Description, Name, Frequency_Object…}
Win32_PerfFormattedData_Counters_H… {}                   {Caption, Description, Name, Frequency_Object…}
Win32_PerfRawData_Counters_HTTPSer… {}                   {Caption, Description, Name, Frequency_Object…}
Win32_PerfFormattedData_Counters_H… {}                   {Caption, Description, Name, Frequency_Object…}
Win32_PerfRawData_Counters_HTTPSer… {}                   {Caption, Description, Name, Frequency_Object…}
Win32_PerfFormattedData_Counters_H… {}                   {Caption, Description, Name, Frequency_Object…}
Win32_PerfRawData_Counters_HTTPSer… {}                   {Caption, Description, Name, Frequency_Object…}
Win32_PerfFormattedData_Counters_H… {}                   {Caption, Description, Name, Frequency_Object…}
Win32_PerfRawData_Counters_HyperVD… {}                   {Caption, Description, Name, Frequency_Object…}
Win32_PerfFormattedData_Counters_H… {}                   {Caption, Description, Name, Frequency_Object…}
Win32_PerfRawData_Counters_HyperVV… {}                   {Caption, Description, Name, Frequency_Object…}
Win32_PerfFormattedData_Counters_H… {}                   {Caption, Description, Name, Frequency_Object…}
Win32_PerfRawData_Counters_HyperVV… {}                   {Caption, Description, Name, Frequency_Object…}
Win32_PerfFormattedData_Counters_H… {}                   {Caption, Description, Name, Frequency_Object…}
Win32_PerfRawData_Counters_HyperVV… {}                   {Caption, Description, Name, Frequency_Object…}
Win32_PerfFormattedData_Counters_H… {}                   {Caption, Description, Name, Frequency_Object…}
Win32_PerfRawData_Counters_HyperVV… {}                   {Caption, Description, Name, Frequency_Object…}
Win32_PerfFormattedData_Counters_I… {}                   {Caption, Description, Name, Frequency_Object…}
Win32_PerfRawData_Counters_IPHTTPS… {}                   {Caption, Description, Name, Frequency_Object…}
Win32_PerfFormattedData_Counters_I… {}                   {Caption, Description, Name, Frequency_Object…}
Win32_PerfRawData_Counters_IPHTTPS… {}                   {Caption, Description, Name, Frequency_Object…}
Win32_PerfFormattedData_Counters_I… {}                   {Caption, Description, Name, Frequency_Object…}
Win32_PerfRawData_Counters_IPsecAu… {}                   {Caption, Description, Name, Frequency_Object…}
Win32_PerfFormattedData_Counters_I… {}                   {Caption, Description, Name, Frequency_Object…}
Win32_PerfRawData_Counters_IPsecAu… {}                   {Caption, Description, Name, Frequency_Object…}
Win32_PerfFormattedData_Counters_I… {}                   {Caption, Description, Name, Frequency_Object…}
Win32_PerfRawData_Counters_IPsecCo… {}                   {Caption, Description, Name, Frequency_Object…}
Win32_PerfFormattedData_Counters_I… {}                   {Caption, Description, Name, Frequency_Object…}
Win32_PerfRawData_Counters_IPsecDr… {}                   {Caption, Description, Name, Frequency_Object…}
Win32_PerfFormattedData_Counters_I… {}                   {Caption, Description, Name, Frequency_Object…}
Win32_PerfRawData_Counters_IPsecIK… {}                   {Caption, Description, Name, Frequency_Object…}
Win32_PerfFormattedData_Counters_I… {}                   {Caption, Description, Name, Frequency_Object…}
Win32_PerfRawData_Counters_IPsecIK… {}                   {Caption, Description, Name, Frequency_Object…}
Win32_PerfFormattedData_Counters_I… {}                   {Caption, Description, Name, Frequency_Object…}
Win32_PerfRawData_Counters_IPsecIK… {}                   {Caption, Description, Name, Frequency_Object…}
Win32_PerfFormattedData_Counters_I… {}                   {Caption, Description, Name, Frequency_Object…}
Win32_PerfRawData_Counters_IPsecIK… {}                   {Caption, Description, Name, Frequency_Object…}
Win32_PerfFormattedData_Counters_N… {}                   {Caption, Description, Name, Frequency_Object…}
Win32_PerfRawData_Counters_Netlogon {}                   {Caption, Description, Name, Frequency_Object…}
Win32_PerfFormattedData_Counters_N… {}                   {Caption, Description, Name, Frequency_Object…}
Win32_PerfRawData_Counters_Network… {}                   {Caption, Description, Name, Frequency_Object…}
Win32_PerfFormattedData_Counters_P… {}                   {Caption, Description, Name, Frequency_Object…}
Win32_PerfRawData_Counters_PacerFl… {}                   {Caption, Description, Name, Frequency_Object…}
Win32_PerfFormattedData_Counters_P… {}                   {Caption, Description, Name, Frequency_Object…}
Win32_PerfRawData_Counters_PacerPi… {}                   {Caption, Description, Name, Frequency_Object…}
Win32_PerfFormattedData_Counters_P… {}                   {Caption, Description, Name, Frequency_Object…}
Win32_PerfRawData_Counters_PacketD… {}                   {Caption, Description, Name, Frequency_Object…}
Win32_PerfFormattedData_Counters_P… {}                   {Caption, Description, Name, Frequency_Object…}
Win32_PerfRawData_Counters_PacketD… {}                   {Caption, Description, Name, Frequency_Object…}
Win32_PerfFormattedData_Counters_P… {}                   {Caption, Description, Name, Frequency_Object…}
Win32_PerfRawData_Counters_PacketD… {}                   {Caption, Description, Name, Frequency_Object…}
Win32_PerfFormattedData_Counters_P… {}                   {Caption, Description, Name, Frequency_Object…}
Win32_PerfRawData_Counters_PacketD… {}                   {Caption, Description, Name, Frequency_Object…}
Win32_PerfFormattedData_Counters_P… {}                   {Caption, Description, Name, Frequency_Object…}
Win32_PerfRawData_Counters_PacketD… {}                   {Caption, Description, Name, Frequency_Object…}
Win32_PerfFormattedData_Counters_P… {}                   {Caption, Description, Name, Frequency_Object…}
Win32_PerfRawData_Counters_PerProc… {}                   {Caption, Description, Name, Frequency_Object…}
Win32_PerfFormattedData_Counters_P… {}                   {Caption, Description, Name, Frequency_Object…}
Win32_PerfRawData_Counters_PerProc… {}                   {Caption, Description, Name, Frequency_Object…}
Win32_PerfFormattedData_Counters_P… {}                   {Caption, Description, Name, Frequency_Object…}
Win32_PerfRawData_Counters_Physica… {}                   {Caption, Description, Name, Frequency_Object…}
Win32_PerfFormattedData_Counters_P… {}                   {Caption, Description, Name, Frequency_Object…}
Win32_PerfRawData_Counters_PowerSh… {}                   {Caption, Description, Name, Frequency_Object…}
Win32_PerfFormattedData_Counters_P… {}                   {Caption, Description, Name, Frequency_Object…}
Win32_PerfRawData_Counters_Process… {}                   {Caption, Description, Name, Frequency_Object…}
Win32_PerfFormattedData_Counters_R… {}                   {Caption, Description, Name, Frequency_Object…}
Win32_PerfRawData_Counters_RDMAAct… {}                   {Caption, Description, Name, Frequency_Object…}
Win32_PerfFormattedData_Counters_R… {}                   {Caption, Description, Name, Frequency_Object…}
Win32_PerfRawData_Counters_ReFS     {}                   {Caption, Description, Name, Frequency_Object…}
Win32_PerfFormattedData_Counters_R… {}                   {Caption, Description, Name, Frequency_Object…}
Win32_PerfRawData_Counters_RemoteF… {}                   {Caption, Description, Name, Frequency_Object…}
Win32_PerfFormattedData_Counters_R… {}                   {Caption, Description, Name, Frequency_Object…}
Win32_PerfRawData_Counters_RemoteF… {}                   {Caption, Description, Name, Frequency_Object…}
Win32_PerfFormattedData_Counters_S… {}                   {Caption, Description, Name, Frequency_Object…}
Win32_PerfRawData_Counters_SMBClie… {}                   {Caption, Description, Name, Frequency_Object…}
Win32_PerfFormattedData_Counters_S… {}                   {Caption, Description, Name, Frequency_Object…}
Win32_PerfRawData_Counters_SMBDire… {}                   {Caption, Description, Name, Frequency_Object…}
Win32_PerfFormattedData_Counters_S… {}                   {Caption, Description, Name, Frequency_Object…}
Win32_PerfRawData_Counters_SMBServ… {}                   {Caption, Description, Name, Frequency_Object…}
Win32_PerfFormattedData_Counters_S… {}                   {Caption, Description, Name, Frequency_Object…}
Win32_PerfRawData_Counters_SMBServ… {}                   {Caption, Description, Name, Frequency_Object…}
Win32_PerfFormattedData_Counters_S… {}                   {Caption, Description, Name, Frequency_Object…}
Win32_PerfRawData_Counters_SMBServ… {}                   {Caption, Description, Name, Frequency_Object…}
Win32_PerfFormattedData_Counters_S… {}                   {Caption, Description, Name, Frequency_Object…}
Win32_PerfRawData_Counters_Storage… {}                   {Caption, Description, Name, Frequency_Object…}
Win32_PerfFormattedData_Counters_S… {}                   {Caption, Description, Name, Frequency_Object…}
Win32_PerfRawData_Counters_Storage… {}                   {Caption, Description, Name, Frequency_Object…}
Win32_PerfFormattedData_Counters_S… {}                   {Caption, Description, Name, Frequency_Object…}
Win32_PerfRawData_Counters_Storage… {}                   {Caption, Description, Name, Frequency_Object…}
Win32_PerfFormattedData_Counters_S… {}                   {Caption, Description, Name, Frequency_Object…}
Win32_PerfRawData_Counters_Storage… {}                   {Caption, Description, Name, Frequency_Object…}
Win32_PerfFormattedData_Counters_S… {}                   {Caption, Description, Name, Frequency_Object…}
Win32_PerfRawData_Counters_Storage… {}                   {Caption, Description, Name, Frequency_Object…}
Win32_PerfFormattedData_Counters_S… {}                   {Caption, Description, Name, Frequency_Object…}
Win32_PerfRawData_Counters_Storage… {}                   {Caption, Description, Name, Frequency_Object…}
Win32_PerfFormattedData_Counters_S… {}                   {Caption, Description, Name, Frequency_Object…}
Win32_PerfRawData_Counters_Storage… {}                   {Caption, Description, Name, Frequency_Object…}
Win32_PerfFormattedData_Counters_S… {}                   {Caption, Description, Name, Frequency_Object…}
Win32_PerfRawData_Counters_Synchro… {}                   {Caption, Description, Name, Frequency_Object…}
Win32_PerfFormattedData_Counters_S… {}                   {Caption, Description, Name, Frequency_Object…}
Win32_PerfRawData_Counters_Synchro… {}                   {Caption, Description, Name, Frequency_Object…}
Win32_PerfFormattedData_Counters_T… {}                   {Caption, Description, Name, Frequency_Object…}
Win32_PerfRawData_Counters_TeredoC… {}                   {Caption, Description, Name, Frequency_Object…}
Win32_PerfFormattedData_Counters_T… {}                   {Caption, Description, Name, Frequency_Object…}
Win32_PerfRawData_Counters_TeredoR… {}                   {Caption, Description, Name, Frequency_Object…}
Win32_PerfFormattedData_Counters_T… {}                   {Caption, Description, Name, Frequency_Object…}
Win32_PerfRawData_Counters_TeredoS… {}                   {Caption, Description, Name, Frequency_Object…}
Win32_PerfFormattedData_Counters_T… {}                   {Caption, Description, Name, Frequency_Object…}
Win32_PerfRawData_Counters_Thermal… {}                   {Caption, Description, Name, Frequency_Object…}
Win32_PerfFormattedData_Counters_V… {}                   {Caption, Description, Name, Frequency_Object…}
Win32_PerfRawData_Counters_VFPPort… {}                   {Caption, Description, Name, Frequency_Object…}
Win32_PerfFormattedData_Counters_V… {}                   {Caption, Description, Name, Frequency_Object…}
Win32_PerfRawData_Counters_VFPPort… {}                   {Caption, Description, Name, Frequency_Object…}
Win32_PerfFormattedData_Counters_V… {}                   {Caption, Description, Name, Frequency_Object…}
Win32_PerfRawData_Counters_VFPPort… {}                   {Caption, Description, Name, Frequency_Object…}
Win32_PerfFormattedData_Counters_V… {}                   {Caption, Description, Name, Frequency_Object…}
Win32_PerfRawData_Counters_VFPPort… {}                   {Caption, Description, Name, Frequency_Object…}
Win32_PerfFormattedData_Counters_V… {}                   {Caption, Description, Name, Frequency_Object…}
Win32_PerfRawData_Counters_VFPPort… {}                   {Caption, Description, Name, Frequency_Object…}
Win32_PerfFormattedData_Counters_V… {}                   {Caption, Description, Name, Frequency_Object…}
Win32_PerfRawData_Counters_VFPPort… {}                   {Caption, Description, Name, Frequency_Object…}
Win32_PerfFormattedData_Counters_V… {}                   {Caption, Description, Name, Frequency_Object…}
Win32_PerfRawData_Counters_VFPQoSQ… {}                   {Caption, Description, Name, Frequency_Object…}
Win32_PerfFormattedData_Counters_V… {}                   {Caption, Description, Name, Frequency_Object…}
Win32_PerfRawData_Counters_VFPQoSQ… {}                   {Caption, Description, Name, Frequency_Object…}
Win32_PerfFormattedData_Counters_V… {}                   {Caption, Description, Name, Frequency_Object…}
Win32_PerfRawData_Counters_VFPQoSQ… {}                   {Caption, Description, Name, Frequency_Object…}
Win32_PerfFormattedData_Counters_V… {}                   {Caption, Description, Name, Frequency_Object…}
Win32_PerfRawData_Counters_VFPQoSQ… {}                   {Caption, Description, Name, Frequency_Object…}
Win32_PerfFormattedData_Counters_W… {}                   {Caption, Description, Name, Frequency_Object…}
Win32_PerfRawData_Counters_WFP      {}                   {Caption, Description, Name, Frequency_Object…}
Win32_PerfFormattedData_Counters_W… {}                   {Caption, Description, Name, Frequency_Object…}
Win32_PerfRawData_Counters_WFPClas… {}                   {Caption, Description, Name, Frequency_Object…}
Win32_PerfFormattedData_Counters_W… {}                   {Caption, Description, Name, Frequency_Object…}
Win32_PerfRawData_Counters_WFPReau… {}                   {Caption, Description, Name, Frequency_Object…}
Win32_PerfFormattedData_Counters_W… {}                   {Caption, Description, Name, Frequency_Object…}
Win32_PerfRawData_Counters_WFPv4    {}                   {Caption, Description, Name, Frequency_Object…}
Win32_PerfFormattedData_Counters_W… {}                   {Caption, Description, Name, Frequency_Object…}
Win32_PerfRawData_Counters_WFPv6    {}                   {Caption, Description, Name, Frequency_Object…}
Win32_PerfFormattedData_Counters_W… {}                   {Caption, Description, Name, Frequency_Object…}
Win32_PerfRawData_Counters_WSManQu… {}                   {Caption, Description, Name, Frequency_Object…}
Win32_PerfFormattedData_Counters_X… {}                   {Caption, Description, Name, Frequency_Object…}
Win32_PerfRawData_Counters_XHCICom… {}                   {Caption, Description, Name, Frequency_Object…}
Win32_PerfFormattedData_Counters_X… {}                   {Caption, Description, Name, Frequency_Object…}
Win32_PerfRawData_Counters_XHCIInt… {}                   {Caption, Description, Name, Frequency_Object…}
Win32_PerfFormattedData_Counters_X… {}                   {Caption, Description, Name, Frequency_Object…}
Win32_PerfRawData_Counters_XHCITra… {}                   {Caption, Description, Name, Frequency_Object…}
Win32_PerfFormattedData_DdmCounter… {}                   {Caption, Description, Name, Frequency_Object…}
Win32_PerfRawData_DdmCounterProvid… {}                   {Caption, Description, Name, Frequency_Object…}
Win32_PerfFormattedData_Distribute… {}                   {Caption, Description, Name, Frequency_Object…}
Win32_PerfRawData_DistributedRouti… {}                   {Caption, Description, Name, Frequency_Object…}
Win32_PerfFormattedData_ESENT_Data… {}                   {Caption, Description, Name, Frequency_Object…}
Win32_PerfRawData_ESENT_Database    {}                   {Caption, Description, Name, Frequency_Object…}
Win32_PerfFormattedData_ESENT_Data… {}                   {Caption, Description, Name, Frequency_Object…}
Win32_PerfRawData_ESENT_DatabaseDa… {}                   {Caption, Description, Name, Frequency_Object…}
Win32_PerfFormattedData_ESENT_Data… {}                   {Caption, Description, Name, Frequency_Object…}
Win32_PerfRawData_ESENT_DatabaseIn… {}                   {Caption, Description, Name, Frequency_Object…}
Win32_PerfFormattedData_ESENT_Data… {}                   {Caption, Description, Name, Frequency_Object…}
Win32_PerfRawData_ESENT_DatabaseTa… {}                   {Caption, Description, Name, Frequency_Object…}
Win32_PerfFormattedData_EthernetPe… {}                   {Caption, Description, Name, Frequency_Object…}
Win32_PerfRawData_EthernetPerfProv… {}                   {Caption, Description, Name, Frequency_Object…}
Win32_PerfFormattedData_FaxService… {}                   {Caption, Description, Name, Frequency_Object…}
Win32_PerfRawData_FaxService_FaxSe… {}                   {Caption, Description, Name, Frequency_Object…}
Win32_PerfFormattedData_GmoPerfPro… {}                   {Caption, Description, Name, Frequency_Object…}
Win32_PerfRawData_GmoPerfProvider_… {}                   {Caption, Description, Name, Frequency_Object…}
Win32_PerfFormattedData_GPUPerform… {}                   {Caption, Description, Name, Frequency_Object…}
Win32_PerfRawData_GPUPerformanceCo… {}                   {Caption, Description, Name, Frequency_Object…}
Win32_PerfFormattedData_GPUPerform… {}                   {Caption, Description, Name, Frequency_Object…}
Win32_PerfRawData_GPUPerformanceCo… {}                   {Caption, Description, Name, Frequency_Object…}
Win32_PerfFormattedData_GPUPerform… {}                   {Caption, Description, Name, Frequency_Object…}
Win32_PerfRawData_GPUPerformanceCo… {}                   {Caption, Description, Name, Frequency_Object…}
Win32_PerfFormattedData_GPUPerform… {}                   {Caption, Description, Name, Frequency_Object…}
Win32_PerfRawData_GPUPerformanceCo… {}                   {Caption, Description, Name, Frequency_Object…}
Win32_PerfFormattedData_GPUPerform… {}                   {Caption, Description, Name, Frequency_Object…}
Win32_PerfRawData_GPUPerformanceCo… {}                   {Caption, Description, Name, Frequency_Object…}
Win32_PerfFormattedData_HvStats_Hy… {}                   {Caption, Description, Name, Frequency_Object…}
Win32_PerfRawData_HvStats_HyperVHy… {}                   {Caption, Description, Name, Frequency_Object…}
Win32_PerfFormattedData_HvStats_Hy… {}                   {Caption, Description, Name, Frequency_Object…}
Win32_PerfRawData_HvStats_HyperVHy… {}                   {Caption, Description, Name, Frequency_Object…}
Win32_PerfFormattedData_HvStats_Hy… {}                   {Caption, Description, Name, Frequency_Object…}
Win32_PerfRawData_HvStats_HyperVHy… {}                   {Caption, Description, Name, Frequency_Object…}
Win32_PerfFormattedData_HvStats_Hy… {}                   {Caption, Description, Name, Frequency_Object…}
Win32_PerfRawData_HvStats_HyperVHy… {}                   {Caption, Description, Name, Frequency_Object…}
Win32_PerfFormattedData_HvStats_Hy… {}                   {Caption, Description, Name, Frequency_Object…}
Win32_PerfRawData_HvStats_HyperVHy… {}                   {Caption, Description, Name, Frequency_Object…}
Win32_PerfFormattedData_HvStats_Hy… {}                   {Caption, Description, Name, Frequency_Object…}
Win32_PerfRawData_HvStats_HyperVHy… {}                   {Caption, Description, Name, Frequency_Object…}
Win32_PerfFormattedData_HyperVRepl… {}                   {Caption, Description, Name, Frequency_Object…}
Win32_PerfRawData_HyperVReplicaSta… {}                   {Caption, Description, Name, Frequency_Object…}
Win32_PerfFormattedData_HyperVStor… {}                   {Caption, Description, Name, Frequency_Object…}
Win32_PerfRawData_HyperVStorageSta… {}                   {Caption, Description, Name, Frequency_Object…}
Win32_PerfFormattedData_IdePerfPro… {}                   {Caption, Description, Name, Frequency_Object…}
Win32_PerfRawData_IdePerfProvider_… {}                   {Caption, Description, Name, Frequency_Object…}
Win32_PerfFormattedData_LmPerfProv… {}                   {Caption, Description, Name, Frequency_Object…}
Win32_PerfRawData_LmPerfProvider_H… {}                   {Caption, Description, Name, Frequency_Object…}
Win32_PerfFormattedData_LocalSessi… {}                   {Caption, Description, Name, Frequency_Object…}
Win32_PerfRawData_LocalSessionMana… {}                   {Caption, Description, Name, Frequency_Object…}
Win32_PerfFormattedData_Lsa_Securi… {}                   {Caption, Description, Name, Frequency_Object…}
Win32_PerfRawData_Lsa_SecurityPerP… {}                   {Caption, Description, Name, Frequency_Object…}
Win32_PerfFormattedData_Lsa_Securi… {}                   {Caption, Description, Name, Frequency_Object…}
Win32_PerfRawData_Lsa_SecuritySyst… {}                   {Caption, Description, Name, Frequency_Object…}
Win32_PerfFormattedData_LSM_UserIn… {}                   {Caption, Description, Name, Frequency_Object…}
Win32_PerfRawData_LSM_UserInputDel… {}                   {Caption, Description, Name, Frequency_Object…}
Win32_PerfFormattedData_LSM_UserIn… {}                   {Caption, Description, Name, Frequency_Object…}
Win32_PerfRawData_LSM_UserInputDel… {}                   {Caption, Description, Name, Frequency_Object…}
Win32_PerfFormattedData_MicrosoftW… {}                   {Caption, Description, Name, Frequency_Object…}
Win32_PerfRawData_MicrosoftWindows… {}                   {Caption, Description, Name, Frequency_Object…}
Win32_PerfFormattedData_MicrosoftW… {}                   {Caption, Description, Name, Frequency_Object…}
Win32_PerfRawData_MicrosoftWindows… {}                   {Caption, Description, Name, Frequency_Object…}
Win32_PerfFormattedData_MmPerfProv… {}                   {Caption, Description, Name, Frequency_Object…}
Win32_PerfRawData_MmPerfProvider_H… {}                   {Caption, Description, Name, Frequency_Object…}
Win32_PerfFormattedData_MSDTC_Dist… {}                   {Caption, Description, Name, Frequency_Object…}
Win32_PerfRawData_MSDTC_Distribute… {}                   {Caption, Description, Name, Frequency_Object…}
Win32_PerfFormattedData_MSDTCBridg… {}                   {Caption, Description, Name, Frequency_Object…}
Win32_PerfRawData_MSDTCBridge3000_… {}                   {Caption, Description, Name, Frequency_Object…}
Win32_PerfFormattedData_MSDTCBridg… {}                   {Caption, Description, Name, Frequency_Object…}
Win32_PerfRawData_MSDTCBridge4000_… {}                   {Caption, Description, Name, Frequency_Object…}
Win32_PerfFormattedData_NETCLRData… {}                   {Caption, Description, Name, Frequency_Object…}
Win32_PerfRawData_NETCLRData_NETCL… {}                   {Caption, Description, Name, Frequency_Object…}
Win32_PerfFormattedData_NETCLRNetw… {}                   {Caption, Description, Name, Frequency_Object…}
Win32_PerfRawData_NETCLRNetworking… {}                   {Caption, Description, Name, Frequency_Object…}
Win32_PerfFormattedData_NETCLRNetw… {}                   {Caption, Description, Name, Frequency_Object…}
Win32_PerfRawData_NETCLRNetworking… {}                   {Caption, Description, Name, Frequency_Object…}
Win32_PerfFormattedData_NETDataPro… {}                   {Caption, Description, Name, Frequency_Object…}
Win32_PerfRawData_NETDataProviderf… {}                   {Caption, Description, Name, Frequency_Object…}
Win32_PerfFormattedData_NETDataPro… {}                   {Caption, Description, Name, Frequency_Object…}
Win32_PerfRawData_NETDataProviderf… {}                   {Caption, Description, Name, Frequency_Object…}
Win32_PerfFormattedData_NETFramewo… {}                   {Caption, Description, Name, Frequency_Object…}
Win32_PerfRawData_NETFramework_NET… {}                   {Caption, Description, Name, Frequency_Object…}
Win32_PerfFormattedData_NETFramewo… {}                   {Caption, Description, Name, Frequency_Object…}
Win32_PerfRawData_NETFramework_NET… {}                   {Caption, Description, Name, Frequency_Object…}
Win32_PerfFormattedData_NETFramewo… {}                   {Caption, Description, Name, Frequency_Object…}
Win32_PerfRawData_NETFramework_NET… {}                   {Caption, Description, Name, Frequency_Object…}
Win32_PerfFormattedData_NETFramewo… {}                   {Caption, Description, Name, Frequency_Object…}
Win32_PerfRawData_NETFramework_NET… {}                   {Caption, Description, Name, Frequency_Object…}
Win32_PerfFormattedData_NETFramewo… {}                   {Caption, Description, Name, Frequency_Object…}
Win32_PerfRawData_NETFramework_NET… {}                   {Caption, Description, Name, Frequency_Object…}
Win32_PerfFormattedData_NETFramewo… {}                   {Caption, Description, Name, Frequency_Object…}
Win32_PerfRawData_NETFramework_NET… {}                   {Caption, Description, Name, Frequency_Object…}
Win32_PerfFormattedData_NETFramewo… {}                   {Caption, Description, Name, Frequency_Object…}
Win32_PerfRawData_NETFramework_NET… {}                   {Caption, Description, Name, Frequency_Object…}
Win32_PerfFormattedData_NETFramewo… {}                   {Caption, Description, Name, Frequency_Object…}
Win32_PerfRawData_NETFramework_NET… {}                   {Caption, Description, Name, Frequency_Object…}
Win32_PerfFormattedData_NETMemoryC… {}                   {Caption, Description, Name, Frequency_Object…}
Win32_PerfRawData_NETMemoryCache40… {}                   {Caption, Description, Name, Frequency_Object…}
Win32_PerfFormattedData_NvspNicDro… {}                   {Caption, Description, Name, Frequency_Object…}
Win32_PerfRawData_NvspNicDropReaso… {}                   {Caption, Description, Name, Frequency_Object…}
Win32_PerfFormattedData_NvspNicSta… {}                   {Caption, Description, Name, Frequency_Object…}
Win32_PerfRawData_NvspNicStats_Hyp… {}                   {Caption, Description, Name, Frequency_Object…}
Win32_PerfFormattedData_NvspNicVRS… {}                   {Caption, Description, Name, Frequency_Object…}
Win32_PerfRawData_NvspNicVRSSStats… {}                   {Caption, Description, Name, Frequency_Object…}
Win32_PerfFormattedData_NvspPortSt… {}                   {Caption, Description, Name, Frequency_Object…}
Win32_PerfRawData_NvspPortStats_Hy… {}                   {Caption, Description, Name, Frequency_Object…}
Win32_PerfFormattedData_NvspSwitch… {}                   {Caption, Description, Name, Frequency_Object…}
Win32_PerfRawData_NvspSwitchProcSt… {}                   {Caption, Description, Name, Frequency_Object…}
Win32_PerfFormattedData_NvspSwitch… {}                   {Caption, Description, Name, Frequency_Object…}
Win32_PerfRawData_NvspSwitchStats_… {}                   {Caption, Description, Name, Frequency_Object…}
Win32_PerfFormattedData_OfflineFil… {}                   {Caption, Description, Name, Frequency_Object…}
Win32_PerfRawData_OfflineFiles_Cli… {}                   {Caption, Description, Name, Frequency_Object…}
Win32_PerfFormattedData_OfflineFil… {}                   {Caption, Description, Name, Frequency_Object…}
Win32_PerfRawData_OfflineFiles_Off… {}                   {Caption, Description, Name, Frequency_Object…}
Win32_PerfFormattedData_PeerDistSv… {}                   {Caption, Description, Name, Frequency_Object…}
Win32_PerfRawData_PeerDistSvc_Bran… {}                   {Caption, Description, Name, Frequency_Object…}
Win32_PerfFormattedData_PeerNameRe… {}                   {Caption, Description, Name, Frequency_Object…}
Win32_PerfRawData_PeerNameResoluti… {}                   {Caption, Description, Name, Frequency_Object…}
Win32_PerfFormattedData_PerfDisk_L… {}                   {Caption, Description, Name, Frequency_Object…}
Win32_PerfRawData_PerfDisk_Logical… {}                   {Caption, Description, Name, Frequency_Object…}
Win32_PerfFormattedData_PerfDisk_P… {}                   {Caption, Description, Name, Frequency_Object…}
Win32_PerfRawData_PerfDisk_Physica… {}                   {Caption, Description, Name, Frequency_Object…}
Win32_PerfFormattedData_PerfNet_Br… {}                   {Caption, Description, Name, Frequency_Object…}
Win32_PerfRawData_PerfNet_Browser   {}                   {Caption, Description, Name, Frequency_Object…}
Win32_PerfFormattedData_PerfNet_Re… {}                   {Caption, Description, Name, Frequency_Object…}
Win32_PerfRawData_PerfNet_Redirect… {}                   {Caption, Description, Name, Frequency_Object…}
Win32_PerfFormattedData_PerfNet_Se… {}                   {Caption, Description, Name, Frequency_Object…}
Win32_PerfRawData_PerfNet_Server    {}                   {Caption, Description, Name, Frequency_Object…}
Win32_PerfFormattedData_PerfNet_Se… {}                   {Caption, Description, Name, Frequency_Object…}
Win32_PerfRawData_PerfNet_ServerWo… {}                   {Caption, Description, Name, Frequency_Object…}
Win32_PerfFormattedData_PerfOS_Cac… {}                   {Caption, Description, Name, Frequency_Object…}
Win32_PerfRawData_PerfOS_Cache      {}                   {Caption, Description, Name, Frequency_Object…}
Win32_PerfFormattedData_PerfOS_Mem… {}                   {Caption, Description, Name, Frequency_Object…}
Win32_PerfRawData_PerfOS_Memory     {}                   {Caption, Description, Name, Frequency_Object…}
Win32_PerfFormattedData_PerfOS_NUM… {}                   {Caption, Description, Name, Frequency_Object…}
Win32_PerfRawData_PerfOS_NUMANodeM… {}                   {Caption, Description, Name, Frequency_Object…}
Win32_PerfFormattedData_PerfOS_Obj… {}                   {Caption, Description, Name, Frequency_Object…}
Win32_PerfRawData_PerfOS_Objects    {}                   {Caption, Description, Name, Frequency_Object…}
Win32_PerfFormattedData_PerfOS_Pag… {}                   {Caption, Description, Name, Frequency_Object…}
Win32_PerfRawData_PerfOS_PagingFile {}                   {Caption, Description, Name, Frequency_Object…}
Win32_PerfFormattedData_PerfOS_Pro… {}                   {Caption, Description, Name, Frequency_Object…}
Win32_PerfRawData_PerfOS_Processor  {}                   {Caption, Description, Name, Frequency_Object…}
Win32_PerfFormattedData_PerfOS_Sys… {}                   {Caption, Description, Name, Frequency_Object…}
Win32_PerfRawData_PerfOS_System     {}                   {Caption, Description, Name, Frequency_Object…}
Win32_PerfFormattedData_PerfProc_J… {}                   {Caption, Description, Name, Frequency_Object…}
Win32_PerfRawData_PerfProc_JobObje… {}                   {Caption, Description, Name, Frequency_Object…}
Win32_PerfFormattedData_PerfProc_J… {}                   {Caption, Description, Name, Frequency_Object…}
Win32_PerfRawData_PerfProc_JobObje… {}                   {Caption, Description, Name, Frequency_Object…}
Win32_PerfFormattedData_PerfProc_P… {}                   {Caption, Description, Name, Frequency_Object…}
Win32_PerfRawData_PerfProc_Process  {}                   {Caption, Description, Name, Frequency_Object…}
Win32_PerfFormattedData_PerfProc_T… {}                   {Caption, Description, Name, Frequency_Object…}
Win32_PerfRawData_PerfProc_Thread   {}                   {Caption, Description, Name, Frequency_Object…}
Win32_PerfFormattedData_PowerMeter… {}                   {Caption, Description, Name, Frequency_Object…}
Win32_PerfRawData_PowerMeterCounte… {}                   {Caption, Description, Name, Frequency_Object…}
Win32_PerfFormattedData_PowerMeter… {}                   {Caption, Description, Name, Frequency_Object…}
Win32_PerfRawData_PowerMeterCounte… {}                   {Caption, Description, Name, Frequency_Object…}
Win32_PerfFormattedData_rdyboost_R… {}                   {Caption, Description, Name, Frequency_Object…}
Win32_PerfRawData_rdyboost_ReadyBo… {}                   {Caption, Description, Name, Frequency_Object…}
Win32_PerfFormattedData_RemoteAcce… {}                   {Caption, Description, Name, Frequency_Object…}
Win32_PerfRawData_RemoteAccess_RAS… {}                   {Caption, Description, Name, Frequency_Object…}
Win32_PerfFormattedData_RemoteAcce… {}                   {Caption, Description, Name, Frequency_Object…}
Win32_PerfRawData_RemoteAccess_RAS… {}                   {Caption, Description, Name, Frequency_Object…}
Win32_PerfFormattedData_RemotePerf… {}                   {Caption, Description, Name, Frequency_Object…}
Win32_PerfRawData_RemotePerfProvid… {}                   {Caption, Description, Name, Frequency_Object…}
Win32_PerfFormattedData_ServiceMod… {}                   {Caption, Description, Name, Frequency_Object…}
Win32_PerfRawData_ServiceModel4000… {}                   {Caption, Description, Name, Frequency_Object…}
Win32_PerfFormattedData_ServiceMod… {}                   {Caption, Description, Name, Frequency_Object…}
Win32_PerfRawData_ServiceModel4000… {}                   {Caption, Description, Name, Frequency_Object…}
Win32_PerfFormattedData_ServiceMod… {}                   {Caption, Description, Name, Frequency_Object…}
Win32_PerfRawData_ServiceModel4000… {}                   {Caption, Description, Name, Frequency_Object…}
Win32_PerfFormattedData_ServiceMod… {}                   {Caption, Description, Name, Frequency_Object…}
Win32_PerfRawData_ServiceModelEndp… {}                   {Caption, Description, Name, Frequency_Object…}
Win32_PerfFormattedData_ServiceMod… {}                   {Caption, Description, Name, Frequency_Object…}
Win32_PerfRawData_ServiceModelOper… {}                   {Caption, Description, Name, Frequency_Object…}
Win32_PerfFormattedData_ServiceMod… {}                   {Caption, Description, Name, Frequency_Object…}
Win32_PerfRawData_ServiceModelServ… {}                   {Caption, Description, Name, Frequency_Object…}
Win32_PerfFormattedData_SMSvcHost3… {}                   {Caption, Description, Name, Frequency_Object…}
Win32_PerfRawData_SMSvcHost3000_SM… {}                   {Caption, Description, Name, Frequency_Object…}
Win32_PerfFormattedData_SMSvcHost4… {}                   {Caption, Description, Name, Frequency_Object…}
Win32_PerfRawData_SMSvcHost4000_SM… {}                   {Caption, Description, Name, Frequency_Object…}
Win32_PerfFormattedData_Spooler_Pr… {}                   {Caption, Description, Name, Frequency_Object…}
Win32_PerfRawData_Spooler_PrintQue… {}                   {Caption, Description, Name, Frequency_Object…}
Win32_PerfFormattedData_Synth3dVid… {}                   {Caption, Description, Name, Frequency_Object…}
Win32_PerfRawData_Synth3dVideoPerf… {}                   {Caption, Description, Name, Frequency_Object…}
Win32_PerfFormattedData_TapiSrv_Te… {}                   {Caption, Description, Name, Frequency_Object…}
Win32_PerfRawData_TapiSrv_Telephony {}                   {Caption, Description, Name, Frequency_Object…}
Win32_PerfFormattedData_Tcpip_ICMP  {}                   {Caption, Description, Name, Frequency_Object…}
Win32_PerfRawData_Tcpip_ICMP        {}                   {Caption, Description, Name, Frequency_Object…}
Win32_PerfFormattedData_Tcpip_ICMP… {}                   {Caption, Description, Name, Frequency_Object…}
Win32_PerfRawData_Tcpip_ICMPv6      {}                   {Caption, Description, Name, Frequency_Object…}
Win32_PerfFormattedData_Tcpip_IPv4  {}                   {Caption, Description, Name, Frequency_Object…}
Win32_PerfRawData_Tcpip_IPv4        {}                   {Caption, Description, Name, Frequency_Object…}
Win32_PerfFormattedData_Tcpip_IPv6  {}                   {Caption, Description, Name, Frequency_Object…}
Win32_PerfRawData_Tcpip_IPv6        {}                   {Caption, Description, Name, Frequency_Object…}
Win32_PerfFormattedData_Tcpip_NBTC… {}                   {Caption, Description, Name, Frequency_Object…}
Win32_PerfRawData_Tcpip_NBTConnect… {}                   {Caption, Description, Name, Frequency_Object…}
Win32_PerfFormattedData_Tcpip_Netw… {}                   {Caption, Description, Name, Frequency_Object…}
Win32_PerfRawData_Tcpip_NetworkAda… {}                   {Caption, Description, Name, Frequency_Object…}
Win32_PerfFormattedData_Tcpip_Netw… {}                   {Caption, Description, Name, Frequency_Object…}
Win32_PerfRawData_Tcpip_NetworkInt… {}                   {Caption, Description, Name, Frequency_Object…}
Win32_PerfFormattedData_Tcpip_TCPv4 {}                   {Caption, Description, Name, Frequency_Object…}
Win32_PerfRawData_Tcpip_TCPv4       {}                   {Caption, Description, Name, Frequency_Object…}
Win32_PerfFormattedData_Tcpip_TCPv6 {}                   {Caption, Description, Name, Frequency_Object…}
Win32_PerfRawData_Tcpip_TCPv6       {}                   {Caption, Description, Name, Frequency_Object…}
Win32_PerfFormattedData_Tcpip_UDPv4 {}                   {Caption, Description, Name, Frequency_Object…}
Win32_PerfRawData_Tcpip_UDPv4       {}                   {Caption, Description, Name, Frequency_Object…}
Win32_PerfFormattedData_Tcpip_UDPv6 {}                   {Caption, Description, Name, Frequency_Object…}
Win32_PerfRawData_Tcpip_UDPv6       {}                   {Caption, Description, Name, Frequency_Object…}
Win32_PerfFormattedData_TCPIPCount… {}                   {Caption, Description, Name, Frequency_Object…}
Win32_PerfRawData_TCPIPCounters_TC… {}                   {Caption, Description, Name, Frequency_Object…}
Win32_PerfFormattedData_TCPIPCount… {}                   {Caption, Description, Name, Frequency_Object…}
Win32_PerfRawData_TCPIPCounters_TC… {}                   {Caption, Description, Name, Frequency_Object…}
Win32_PerfFormattedData_TermServic… {}                   {Caption, Description, Name, Frequency_Object…}
Win32_PerfRawData_TermService_Term… {}                   {Caption, Description, Name, Frequency_Object…}
Win32_PerfFormattedData_UGatherer_… {}                   {Caption, Description, Name, Frequency_Object…}
Win32_PerfRawData_UGatherer_Search… {}                   {Caption, Description, Name, Frequency_Object…}
Win32_PerfFormattedData_UGTHRSVC_S… {}                   {Caption, Description, Name, Frequency_Object…}
Win32_PerfRawData_UGTHRSVC_SearchG… {}                   {Caption, Description, Name, Frequency_Object…}
Win32_PerfFormattedData_usbhub_USB  {}                   {Caption, Description, Name, Frequency_Object…}
Win32_PerfRawData_usbhub_USB        {}                   {Caption, Description, Name, Frequency_Object…}
Win32_PerfFormattedData_VidPerfPro… {}                   {Caption, Description, Name, Frequency_Object…}
Win32_PerfRawData_VidPerfProvider_… {}                   {Caption, Description, Name, Frequency_Object…}
Win32_PerfFormattedData_VidPerfPro… {}                   {Caption, Description, Name, Frequency_Object…}
Win32_PerfRawData_VidPerfProvider_… {}                   {Caption, Description, Name, Frequency_Object…}
Win32_PerfFormattedData_VidPerfPro… {}                   {Caption, Description, Name, Frequency_Object…}
Win32_PerfRawData_VidPerfProvider_… {}                   {Caption, Description, Name, Frequency_Object…}
Win32_PerfFormattedData_VMBusPipeI… {}                   {Caption, Description, Name, Frequency_Object…}
Win32_PerfRawData_VMBusPipeIOPerfP… {}                   {Caption, Description, Name, Frequency_Object…}
Win32_PerfFormattedData_VmmsVirtua… {}                   {Caption, Description, Name, Frequency_Object…}
Win32_PerfRawData_VmmsVirtualMachi… {}                   {Caption, Description, Name, Frequency_Object…}
Win32_PerfFormattedData_VMware_VMw… {}                   {Caption, Description, Name, Frequency_Object…}
Win32_PerfRawData_VMware_VMware     {}                   {Caption, Description, Name, Frequency_Object…}
Win32_PerfFormattedData_VSmbPerfPr… {}                   {Caption, Description, Name, Frequency_Object…}
Win32_PerfRawData_VSmbPerfProvider… {}                   {Caption, Description, Name, Frequency_Object…}
Win32_PerfFormattedData_WindowsMed… {}                   {Caption, Description, Name, Frequency_Object…}
Win32_PerfRawData_WindowsMediaPlay… {}                   {Caption, Description, Name, Frequency_Object…}
Win32_PerfFormattedData_WindowsWor… {}                   {Caption, Description, Name, Frequency_Object…}
Win32_PerfRawData_WindowsWorkflowF… {}                   {Caption, Description, Name, Frequency_Object…}
Win32_PerfFormattedData_WindowsWor… {}                   {Caption, Description, Name, Frequency_Object…}
Win32_PerfRawData_WindowsWorkflowF… {}                   {Caption, Description, Name, Frequency_Object…}
Win32_PerfFormattedData_WinNatCoun… {}                   {Caption, Description, Name, Frequency_Object…}
Win32_PerfRawData_WinNatCounters_W… {}                   {Caption, Description, Name, Frequency_Object…}
Win32_PerfFormattedData_WinNatCoun… {}                   {Caption, Description, Name, Frequency_Object…}
Win32_PerfRawData_WinNatCounters_W… {}                   {Caption, Description, Name, Frequency_Object…}
Win32_PerfFormattedData_WinNatCoun… {}                   {Caption, Description, Name, Frequency_Object…}
Win32_PerfRawData_WinNatCounters_W… {}                   {Caption, Description, Name, Frequency_Object…}
Win32_PerfFormattedData_WinNatCoun… {}                   {Caption, Description, Name, Frequency_Object…}
Win32_PerfRawData_WinNatCounters_W… {}                   {Caption, Description, Name, Frequency_Object…}
Win32_PerfFormattedData_WinNatCoun… {}                   {Caption, Description, Name, Frequency_Object…}
Win32_PerfRawData_WinNatCounters_W… {}                   {Caption, Description, Name, Frequency_Object…}
Win32_PerfFormattedData_WorkerVpPr… {}                   {Caption, Description, Name, Frequency_Object…}
Win32_PerfRawData_WorkerVpProvider… {}                   {Caption, Description, Name, Frequency_Object…}
Win32_PerfFormattedData_WorkflowSe… {}                   {Caption, Description, Name, Frequency_Object…}
Win32_PerfRawData_WorkflowServiceH… {}                   {Caption, Description, Name, Frequency_Object…}
Win32_PerfFormattedData_WSearchIdx… {}                   {Caption, Description, Name, Frequency_Object…}
Win32_PerfRawData_WSearchIdxPi_Sea… {}                   {Caption, Description, Name, Frequency_Object…}

PS C:\Users\bhavanishankar_pradh> Get-CimClass -ClasName Win32_PhysicalMemory
>> TerminatingError(Get-CimClass): "A parameter cannot be found that matches parameter name 'ClasName'."

Get-CimClass: A parameter cannot be found that matches parameter name 'ClasName'.

Get-CimClass: A parameter cannot be found that matches parameter name 'ClasName'.
PS C:\Users\bhavanishankar_pradh> ipconfig

Windows IP Configuration


Ethernet adapter Ethernet:

   Media State . . . . . . . . . . . : Media disconnected
   Connection-specific DNS Suffix  . : corp.emc.com

Ethernet adapter vEthernet (Default Switch):

   Connection-specific DNS Suffix  . :
   Link-local IPv6 Address . . . . . : fe80::8547:94ef:8836:b4a1%36
   IPv4 Address. . . . . . . . . . . : 172.27.80.1
   Subnet Mask . . . . . . . . . . . : 255.255.240.0
   Default Gateway . . . . . . . . . :

Ethernet adapter VirtualBox Host-Only Network:

   Connection-specific DNS Suffix  . :
   Link-local IPv6 Address . . . . . : fe80::cd29:728f:1568:f5dd%19
   IPv4 Address. . . . . . . . . . . : 192.168.56.1
   Subnet Mask . . . . . . . . . . . : 255.255.255.0
   Default Gateway . . . . . . . . . :

Wireless LAN adapter Local Area Connection* 1:

   Media State . . . . . . . . . . . : Media disconnected
   Connection-specific DNS Suffix  . :

Wireless LAN adapter Local Area Connection* 2:

   Media State . . . . . . . . . . . : Media disconnected
   Connection-specific DNS Suffix  . :

Ethernet adapter VMware Network Adapter VMnet1:

   Connection-specific DNS Suffix  . :
   Link-local IPv6 Address . . . . . : fe80::4835:ad3a:6346:5b8b%22
   IPv4 Address. . . . . . . . . . . : 192.168.52.1
   Subnet Mask . . . . . . . . . . . : 255.255.255.0
   Default Gateway . . . . . . . . . :

Ethernet adapter VMware Network Adapter VMnet8:

   Connection-specific DNS Suffix  . :
   Link-local IPv6 Address . . . . . : fe80::a196:e81f:95e3:dd97%7
   IPv4 Address. . . . . . . . . . . : 192.168.26.1
   Subnet Mask . . . . . . . . . . . : 255.255.255.0
   Default Gateway . . . . . . . . . :

Wireless LAN adapter Wi-Fi:

   Connection-specific DNS Suffix  . :
   Link-local IPv6 Address . . . . . : fe80::856e:6502:b24b:b89d%14
   IPv4 Address. . . . . . . . . . . : 192.168.29.232
   Subnet Mask . . . . . . . . . . . : 255.255.255.0
   Default Gateway . . . . . . . . . : 192.168.29.1

Ethernet adapter Bluetooth Network Connection:

   Media State . . . . . . . . . . . : Media disconnected
   Connection-specific DNS Suffix  . :
PS C:\Users\bhavanishankar_pradh> cls
PS C:\Users\bhavanishankar_pradh> $PSVe
PS C:\Users\bhavanishankar_pradh> $PSVersionTable

Name                           Value
----                           -----
PSVersion                      7.2.5
PSEdition                      Core
GitCommitId                    7.2.5
OS                             Microsoft Windows 10.0.19042
Platform                       Win32NT
PSCompatibleVersions           {1.0, 2.0, 3.0, 4.0…}
PSRemotingProtocolVersion      2.3
SerializationVersion           1.1.0.1
WSManStackVersion              3.0

PS C:\Users\bhavanishankar_pradh> vagrant plugin install vagrant-vmware-desktop
Installing the 'vagrant-vmware-desktop' plugin. This can take a few minutes...
Fetching vagrant-vmware-desktop-3.0.1.gem
Installed the plugin 'vagrant-vmware-desktop (3.0.1)'!
PS C:\Users\bhavanishankar_pradh> Get-EventLog List

Get-EventLog: The term 'Get-EventLog' is not recognized as a name of a cmdlet, function, script file, or executable program.
Check the spelling of the name, or if a path was included, verify that the path is correct and try again.

Get-EventLog: The term 'Get-EventLog' is not recognized as a name of a cmdlet, function, script file, or executable program.
Check the spelling of the name, or if a path was included, verify that the path is correct and try again.
PS C:\Users\bhavanishankar_pradh> Get-EventLog -List

Get-EventLog: The term 'Get-EventLog' is not recognized as a name of a cmdlet, function, script file, or executable program.
Check the spelling of the name, or if a path was included, verify that the path is correct and try again.

Get-EventLog: The term 'Get-EventLog' is not recognized as a name of a cmdlet, function, script file, or executable program.
Check the spelling of the name, or if a path was included, verify that the path is correct and try again.
PS C:\Users\bhavanishankar_pradh> Get-EventLog

Get-EventLog: The term 'Get-EventLog' is not recognized as a name of a cmdlet, function, script file, or executable program.
Check the spelling of the name, or if a path was included, verify that the path is correct and try again.

Get-EventLog: The term 'Get-EventLog' is not recognized as a name of a cmdlet, function, script file, or executable program.
Check the spelling of the name, or if a path was included, verify that the path is correct and try again.
PS C:\Users\bhavanishankar_pradh> get-*Event*

get-*Event*: The term 'get-*Event*' is not recognized as a name of a cmdlet, function, script file, or executable program.
Check the spelling of the name, or if a path was included, verify that the path is correct and try again.

get-*Event*: The term 'get-*Event*' is not recognized as a name of a cmdlet, function, script file, or executable program.
Check the spelling of the name, or if a path was included, verify that the path is correct and try again.
PS C:\Users\bhavanishankar_pradh> get-command get-*Event*

CommandType     Name                                               Version    Source
-----------     ----                                               -------    ------
Function        Get-IpamConfigurationEvent                         2.0.0.0    IpamServer
Function        Get-IpamDhcpConfigurationEvent                     2.0.0.0    IpamServer
Function        Get-IpamIpAddressAuditEvent                        2.0.0.0    IpamServer
Function        Get-NetEventNetworkAdapter                         1.0.0.0    NetEventPacketCapture
Function        Get-NetEventPacketCaptureProvider                  1.0.0.0    NetEventPacketCapture
Function        Get-NetEventProvider                               1.0.0.0    NetEventPacketCapture
Function        Get-NetEventSession                                1.0.0.0    NetEventPacketCapture
Function        Get-NetEventVFPProvider                            1.0.0.0    NetEventPacketCapture
Function        Get-NetEventVmNetworkAdapter                       1.0.0.0    NetEventPacketCapture
Function        Get-NetEventVmSwitch                               1.0.0.0    NetEventPacketCapture
Function        Get-NetEventVmSwitchProvider                       1.0.0.0    NetEventPacketCapture
Function        Get-NetEventWFPCaptureProvider                     1.0.0.0    NetEventPacketCapture
Function        Get-ServerEvent                                    1.0.0.0    ServerManagerTasks
Cmdlet          Get-Event                                          7.0.0.0    Microsoft.PowerShell.Utility
Cmdlet          Get-EventLog                                       3.1.0.0    Microsoft.PowerShell.Management
Cmdlet          Get-EventSubscriber                                7.0.0.0    Microsoft.PowerShell.Utility
Cmdlet          Get-WinEvent                                       7.0.0.0    Microsoft.PowerShell.Diagnostics

PS C:\Users\bhavanishankar_pradh> Get-EventLog

Get-EventLog: The term 'Get-EventLog' is not recognized as a name of a cmdlet, function, script file, or executable program.
Check the spelling of the name, or if a path was included, verify that the path is correct and try again.

Get-EventLog: The term 'Get-EventLog' is not recognized as a name of a cmdlet, function, script file, or executable program.
Check the spelling of the name, or if a path was included, verify that the path is correct and try again.
PS C:\Users\bhavanishankar_pradh> Get-WinEvent
>> TerminatingError(Get-WinEvent): "Log count (497) is exceeded Windows Event Log API limit (256). Adjust filter to return less log names."

Get-WinEvent: Log count (497) is exceeded Windows Event Log API limit (256). Adjust filter to return less log names.

Get-WinEvent: Log count (497) is exceeded Windows Event Log API limit (256). Adjust filter to return less log names.
PS C:\Users\bhavanishankar_pradh> Get-WinEvent | more
>> TerminatingError(Get-WinEvent): "Log count (497) is exceeded Windows Event Log API limit (256). Adjust filter to return less log names."

Get-WinEvent: Log count (497) is exceeded Windows Event Log API limit (256). Adjust filter to return less log names.

Get-WinEvent: Log count (497) is exceeded Windows Event Log API limit (256). Adjust filter to return less log names.
PS C:\Users\bhavanishankar_pradh> help Get-Eventlog -Examples

Name                              Category  Module                    Synopsis
----                              --------  ------                    --------
ForEach-Object                    Cmdlet    Microsoft.PowerShell.Core Performs an operation against each item in a collection of input objects.
Get-Job                           Cmdlet    Microsoft.PowerShell.Core Gets PowerShell background jobs that are running in the current session.
Invoke-Command                    Cmdlet    Microsoft.PowerShell.Core Runs commands on local and remote computers.
Stop-Job                          Cmdlet    Microsoft.PowerShell.Core Stops a PowerShell background job.
Wait-Job                          Cmdlet    Microsoft.PowerShell.Core Waits until one or all of the PowerShell jobs running in the session are in a terminating state.
ConvertTo-Html                    Cmdlet    Microsoft.PowerShell.Uti… Converts .NET objects into HTML that can be displayed in a Web browser.
Get-Event                         Cmdlet    Microsoft.PowerShell.Uti… Gets the events in the event queue.
Invoke-Expression                 Cmdlet    Microsoft.PowerShell.Uti… Runs commands or expressions on the local computer.
Measure-Command                   Cmdlet    Microsoft.PowerShell.Uti… Measures the time it takes to run script blocks and cmdlets.
Select-Object                     Cmdlet    Microsoft.PowerShell.Uti… Selects objects or object properties.
Set-PSBreakpoint                  Cmdlet    Microsoft.PowerShell.Uti… Sets a breakpoint on a line, command, or variable.
Show-Command                      Cmdlet    Microsoft.PowerShell.Uti… Displays PowerShell command information in a graphical window.
Get-WinEvent                      Cmdlet    Microsoft.PowerShell.Dia… Gets events from event logs and event tracing log files on local and remote computers.
about_Aliases                     HelpFile
about_Jobs                        HelpFile
about_Parameters_Default_Values   HelpFile
about_PSSessions                  HelpFile
about_PSSession_Details           HelpFile
about_Remote                      HelpFile
about_Remote_Jobs                 HelpFile
about_Remote_Output               HelpFile
about_Remote_Requirements         HelpFile
about_ActivityCommonParameters    HelpFile

PS C:\Users\bhavanishankar_pradh> Get-NetEventVmSwitch
PS C:\Users\bhavanishankar_pradh> Get-EventLog -LogName System -Message *description*

Get-EventLog: The term 'Get-EventLog' is not recognized as a name of a cmdlet, function, script file, or executable program.
Check the spelling of the name, or if a path was included, verify that the path is correct and try again.

Get-EventLog: The term 'Get-EventLog' is not recognized as a name of a cmdlet, function, script file, or executable program.
Check the spelling of the name, or if a path was included, verify that the path is correct and try again.
PS C:\Users\bhavanishankar_pradh> Get-WinEvent -LogName System -Message *description*
>> TerminatingError(Get-WinEvent): "A parameter cannot be found that matches parameter name 'Message'."

Get-WinEvent: A parameter cannot be found that matches parameter name 'Message'.

Get-WinEvent: A parameter cannot be found that matches parameter name 'Message'.
PS C:\Users\bhavanishankar_pradh> help Get-WinEvent -Examples
PS C:\Users\bhavanishankar_pradh> Get-WinEvent -ListLog *

LogMode   MaximumSizeInBytes RecordCount LogName
-------   ------------------ ----------- -------
Circular            15728640       13307 Windows PowerShell
Circular            20971520        7753 System
Circular            83886080       85515 Security
Circular             1052672          51 OneApp_IGCC
Circular             1052672          15 OAlerts
Circular             1052672         277 ManageSoft
Circular             1052672          56 Local Security Agent
Circular            20971520           0 Key Management Service
Circular             1052672           0 Internet Explorer
Circular             1052672           0 IntelAudioServiceLog
Circular            20971520           0 HardwareEvents
Circular             1052672           0 Azure Information Protection Scanner
Circular             1052672           0 Azure Information Protection
Circular            20971520       13174 Application
Circular             1052672             Windows Networking Vpn Plugin Platform/OperationalVerbose
Circular             1052672             Windows Networking Vpn Plugin Platform/Operational
Circular             1052672           0 SMSApi
Circular             1052672          19 Setup
Circular             1052672           0 RemoteDesktopServices-RemoteFX-SessionLicensing-Operational
Circular             1052672           0 RemoteDesktopServices-RemoteFX-SessionLicensing-Admin
Circular            15728640         363 PowerShellCore/Operational
Circular             1052672           0 OpenSSH/Operational
Circular             1052672           0 OpenSSH/Admin
Circular             1052672             Network Isolation Operational
Circular             1052672           0 Microsoft-WindowsPhone-Connectivity-WiFiConnSvc-Channel
Circular             1052672           0 Microsoft-Windows-WWAN-SVC-Events/Operational
Circular             1052672           0 Microsoft-Windows-WPD-MTPClassDriver/Operational
Circular             1052672           0 Microsoft-Windows-WPD-CompositeClassDriver/Operational
Circular             1052672           0 Microsoft-Windows-WPD-ClassInstaller/Operational
Circular             1052672           0 Microsoft-Windows-Workplace Join/Admin
Circular             1052672           0 Microsoft-Windows-WorkFolders/WHC
Circular             1052672           0 Microsoft-Windows-WorkFolders/Operational
Circular             1052672             Microsoft-Windows-Wordpad/Admin
Circular             1052672           0 Microsoft-Windows-WMPNSS-Service/Operational
Circular             1052672        1325 Microsoft-Windows-WMI-Activity/Operational
Circular             1052672             Microsoft-Windows-wmbclass/Trace
Circular             1052672         837 Microsoft-Windows-WLAN-AutoConfig/Operational
Circular             1052672           0 Microsoft-Windows-Wired-AutoConfig/Operational
Circular             1052672           0 Microsoft-Windows-Winsock-WS2HELP/Operational
Circular             1052672             Microsoft-Windows-Winsock-NameResolution/Operational
Circular             1052672             Microsoft-Windows-Winsock-AFD/Operational
Circular             1052672         944 Microsoft-Windows-WinRM/Operational
Circular             1052672             Microsoft-Windows-WinNat/Oper
Circular             1052672        2182 Microsoft-Windows-Winlogon/Operational
Circular             1052672           8 Microsoft-Windows-WinINet-Config/ProxyConfigChanged
Circular             1052672             Microsoft-Windows-WinINet-Capture/Analytic
Circular             1052672             Microsoft-Windows-WinHTTP-NDF/Diagnostic
Circular             1052672         376 Microsoft-Windows-WindowsUpdateClient/Operational
Circular             1052672             Microsoft-Windows-WindowsUIImmersive/Operational
Circular             1052672         102 Microsoft-Windows-WindowsSystemAssessmentTool/Operational
Circular             1052672             Microsoft-Windows-WindowsColorSystem/Operational
Circular             1052672           0 Microsoft-Windows-WindowsBackup/ActionCenter
Circular             1052672             Microsoft-Windows-Windows Firewall With Advanced Security/FirewallVerbose
Circular             1052672           1 Microsoft-Windows-Windows Firewall With Advanced Security/FirewallDiagnostics
Circular             1052672        1279 Microsoft-Windows-Windows Firewall With Advanced Security/Firewall
Circular             1052672             Microsoft-Windows-Windows Firewall With Advanced Security/ConnectionSecurityVerbose
Circular             1052672           0 Microsoft-Windows-Windows Firewall With Advanced Security/ConnectionSecurity
Circular             1052672           0 Microsoft-Windows-Windows Defender/WHC
Circular             1052672          54 Microsoft-Windows-Windows Defender/Operational
Circular             1052672           0 Microsoft-Windows-Win32k/Operational
Circular             1052672          63 Microsoft-Windows-WFP/Operational
Circular             1052672         290 Microsoft-Windows-WER-PayloadHealth/Operational
Circular             1052672             Microsoft-Windows-WEPHOSTSVC/Operational
Circular             1052672             Microsoft-Windows-WebIO-NDF/Diagnostic
Circular             5242880          48 Microsoft-Windows-WebAuthN/Operational
Circular             1052672             Microsoft-Windows-WebAuth/Operational
Circular             1052672           0 Microsoft-Windows-WDAG-PolicyEvaluator-GP/Operational
Circular             1052672           0 Microsoft-Windows-WDAG-PolicyEvaluator-CSP/Operational
Circular             1052672         725 Microsoft-Windows-Wcmsvc/Operational
Circular             1052672           0 Microsoft-Windows-VPN/Operational
Circular             1052672           0 Microsoft-Windows-VPN-Client/Operational
Circular             1052672         276 Microsoft-Windows-VolumeSnapshot-Driver/Operational
Circular             1052672           0 Microsoft-Windows-Volume/Diagnostic
Circular             1052672           0 Microsoft-Windows-VHDMP-Operational
Circular             1052672             Microsoft-Windows-VerifyHardwareSecurity/Operational
Circular             1052672           0 Microsoft-Windows-VerifyHardwareSecurity/Admin
Circular             1052672           0 Microsoft-Windows-VDRVROOT/Operational
Circular             1052672          55 Microsoft-Windows-UserPnp/DeviceInstall
Circular             1052672           0 Microsoft-Windows-UserPnp/ActionCenter
Circular             1052672           0 Microsoft-Windows-User-Loader/Operational
Circular             4194304         237 Microsoft-Windows-User Profile Service/Operational
Circular             1052672         266 Microsoft-Windows-User Device Registration/Admin
Circular             1052672           0 Microsoft-Windows-User Control Panel/Operational
Circular             1052672        1266 Microsoft-Windows-UniversalTelemetryClient/Operational
Circular             1052672           0 Microsoft-Windows-UAC/Operational
Circular             1052672          17 Microsoft-Windows-UAC-FileVirtualization/Operational
Circular             1052672           1 Microsoft-Windows-TZUtil/Operational
Circular             1052672           4 Microsoft-Windows-TZSync/Operational
Circular             1052672          16 Microsoft-Windows-TWinUI/Operational
Circular             1052672           0 Microsoft-Windows-Troubleshooting-Recommended/Operational
Circular             1052672           0 Microsoft-Windows-Troubleshooting-Recommended/Admin
Circular             1052672        1181 Microsoft-Windows-Time-Service/Operational
Circular             1052672           0 Microsoft-Windows-Time-Service-PTP-Provider/PTP-Operational
Circular             1052672           0 Microsoft-Windows-TerminalServices-ServerUSBDevices/Operational
Circular             1052672           1 Microsoft-Windows-TerminalServices-ServerUSBDevices/Admin
Circular             1052672         302 Microsoft-Windows-TerminalServices-RemoteConnectionManager/Operational
Circular             1052672           0 Microsoft-Windows-TerminalServices-RemoteConnectionManager/Admin
Circular             1052672           0 Microsoft-Windows-TerminalServices-RDPClient/Operational
Circular             1052672           0 Microsoft-Windows-TerminalServices-Printers/Operational
Circular             1052672           0 Microsoft-Windows-TerminalServices-Printers/Admin
Circular             1052672           0 Microsoft-Windows-TerminalServices-PnPDevices/Operational
Circular             1052672           1 Microsoft-Windows-TerminalServices-PnPDevices/Admin
Circular             1052672         231 Microsoft-Windows-TerminalServices-LocalSessionManager/Operational
Circular             1052672           0 Microsoft-Windows-TerminalServices-LocalSessionManager/Admin
Circular             1052672           0 Microsoft-Windows-TerminalServices-ClientUSBDevices/Operational
Circular             1052672           0 Microsoft-Windows-TerminalServices-ClientUSBDevices/Admin
Circular             1052672           0 Microsoft-Windows-TenantRestrictions/Operational
Circular             1052672           0 Microsoft-Windows-TCPIP/Operational
Circular            10485760       17450 Microsoft-Windows-TaskScheduler/Operational
Circular             1052672         277 Microsoft-Windows-TaskScheduler/Maintenance
Circular             1052672           0 Microsoft-Windows-SystemSettingsThreshold/Operational
Circular            16777216          31 Microsoft-Windows-Storsvc/Diagnostic
Circular            20000000       26482 Microsoft-Windows-Store/Operational
Circular             1052672           0 Microsoft-Windows-StorageSpaces-SpaceManager/Operational
>> TerminatingError(): "The pipeline has been stopped."
>> TerminatingError(): "The pipeline has been stopped."
PS C:\Users\bhavanishankar_pradh> Get-WinEvent -ListLog
>> TerminatingError(Get-WinEvent): "Missing an argument for parameter 'ListLog'. Specify a parameter of type 'System.String[]' and try again."

Get-WinEvent: Missing an argument for parameter 'ListLog'. Specify a parameter of type 'System.String[]' and try again.

Get-WinEvent: Missing an argument for parameter 'ListLog'. Specify a parameter of type 'System.String[]' and try again.
PS C:\Users\bhavanishankar_pradh> help Get-WinEvent -Examples
PS C:\Users\bhavanishankar_pradh> Get-WinEvent -LogName System | gm


Get-WinEvent: The description string for parameter reference (%1) could not be found.
   TypeName: System.Diagnostics.Eventing.Reader.EventLogRecord

Name                 MemberType   Definition
----                 ----------   ----------
Dispose              Method       void Dispose(), void IDisposable.Dispose()
Equals               Method       bool Equals(System.Object obj)
FormatDescription    Method       string FormatDescription(), string FormatDescription(System.Collections.Generic.IEnumerable[System.Object] values)
GetHashCode          Method       int GetHashCode()
GetPropertyValues    Method       System.Collections.Generic.IList[System.Object] GetPropertyValues(System.Diagnostics.Eventing.Reader.EventLogPropertySelector propertySe…
GetType              Method       type GetType()
ToString             Method       string ToString()
ToXml                Method       string ToXml()
Message              NoteProperty string Message=The system failed to register host (A or AAAA) resource records (RRs) for network adapter…
ActivityId           Property     System.Nullable[guid] ActivityId {get;}
Bookmark             Property     System.Diagnostics.Eventing.Reader.EventBookmark Bookmark {get;}
ContainerLog         Property     string ContainerLog {get;}
Id                   Property     int Id {get;}
Keywords             Property     System.Nullable[long] Keywords {get;}
KeywordsDisplayNames Property     System.Collections.Generic.IEnumerable[string] KeywordsDisplayNames {get;}
Level                Property     System.Nullable[byte] Level {get;}
LevelDisplayName     Property     string LevelDisplayName {get;}
LogName              Property     string LogName {get;}
MachineName          Property     string MachineName {get;}
MatchedQueryIds      Property     System.Collections.Generic.IEnumerable[int] MatchedQueryIds {get;}
Opcode               Property     System.Nullable[short] Opcode {get;}
OpcodeDisplayName    Property     string OpcodeDisplayName {get;}
ProcessId            Property     System.Nullable[int] ProcessId {get;}
Properties           Property     System.Collections.Generic.IList[System.Diagnostics.Eventing.Reader.EventProperty] Properties {get;}
ProviderId           Property     System.Nullable[guid] ProviderId {get;}
ProviderName         Property     string ProviderName {get;}
Qualifiers           Property     System.Nullable[int] Qualifiers {get;}
RecordId             Property     System.Nullable[long] RecordId {get;}
RelatedActivityId    Property     System.Nullable[guid] RelatedActivityId {get;}
Task                 Property     System.Nullable[int] Task {get;}
TaskDisplayName      Property     string TaskDisplayName {get;}
ThreadId             Property     System.Nullable[int] ThreadId {get;}
TimeCreated          Property     System.Nullable[datetime] TimeCreated {get;}
UserId               Property     System.Security.Principal.SecurityIdentifier UserId {get;}
Version              Property     System.Nullable[byte] Version {get;}

Get-WinEvent: The description string for parameter reference (%1) could not be found.

PS C:\Users\bhavanishankar_pradh> Get-WinEvent -log system -newest 1000 |
where-object {$_.eventid -eq '1074'} |
format-table machinename,username,timegenerated -autosize
>> TerminatingError(Get-WinEvent): "A parameter cannot be found that matches parameter name 'newest'."

Get-WinEvent: A parameter cannot be found that matches parameter name 'newest'.

Get-WinEvent: A parameter cannot be found that matches parameter name 'newest'.
PS C:\Users\bhavanishankar_pradh> help Get-WinEvent -Examples
PS C:\Users\bhavanishankar_pradh> get-command Get-WinEvent -log system

CommandType     Name                                               Version    Source
-----------     ----                                               -------    ------
Cmdlet          Get-WinEvent                                       7.0.0.0    Microsoft.PowerShell.Diagnostics

PS C:\Users\bhavanishankar_pradh> help Get-WinEvent -log system
>> TerminatingError(help): "A parameter cannot be found that matches parameter name 'log'."

help: A parameter cannot be found that matches parameter name 'log'.

help: A parameter cannot be found that matches parameter name 'log'.
PS C:\Users\bhavanishankar_pradh> help Get-WinEvent
PS C:\Users\bhavanishankar_pradh> help Get-WinEvent -full
PS C:\Users\bhavanishankar_pradh> vagrant
Usage: vagrant [options] <command> [<args>]

    -h, --help                       Print this help.

Common commands:
     autocomplete    manages autocomplete installation on host
     box             manages boxes: installation, removal, etc.
     cloud           manages everything related to Vagrant Cloud
     destroy         stops and deletes all traces of the vagrant machine
     global-status   outputs status Vagrant environments for this user
     halt            stops the vagrant machine
     help            shows the help for a subcommand
     init            initializes a new Vagrant environment by creating a Vagrantfile
     login
     package         packages a running vagrant environment into a box
     plugin          manages plugins: install, uninstall, update, etc.
     port            displays information about guest port mappings
     powershell      connects to machine via powershell remoting
     provision       provisions the vagrant machine
     push            deploys code in this environment to a configured destination
     rdp             connects to machine via RDP
     reload          restarts vagrant machine, loads new Vagrantfile configuration
     resume          resume a suspended vagrant machine
     snapshot        manages snapshots: saving, restoring, etc.
     ssh             connects to machine via SSH
     ssh-config      outputs OpenSSH valid configuration to connect to the machine
     status          outputs status of the vagrant machine
     suspend         suspends the machine
     up              starts and provisions the vagrant environment
     upload          upload to machine via communicator
     validate        validates the Vagrantfile
     version         prints current and latest Vagrant version
     winrm           executes commands on a machine via WinRM
     winrm-config    outputs WinRM configuration to connect to the machine

For help on any individual command run `vagrant COMMAND -h`

Additional subcommands are available, but are either more advanced
or not commonly used. To see all subcommands, run the command
`vagrant list-commands`.
        --[no-]color                 Enable or disable color output
        --machine-readable           Enable machine readable output
    -v, --version                    Display Vagrant version
        --debug                      Enable debug output
        --timestamp                  Enable timestamps on log output
        --debug-timestamp            Enable debug output with timestamps
        --no-tty                     Enable non-interactive output
**********************
PowerShell transcript end
End time: 20220715152946
**********************
